Using pre-set license
Built from '6000.0/staging' branch; Version is '6000.0.23f1 (1c4764c07fb4) revision 1853284'; Using compiler version '193933523'; Build Type 'Release'
OS: 'Windows 11  (10.0.26100) 64bit Professional' Language: 'pl' Physical Memory: 32648 MB
BatchMode: 1, IsHumanControllingUs: 0, StartBugReporterOnCrash: 0, Is64bit: 1, IsPro: 1

COMMAND LINE ARGUMENTS:
C:\Program Files\Unity\Hub\Editor\6000.0.23f1\Editor\Unity.exe
-adb2
-batchMode
-noUpm
-name
AssetImportWorker4
-projectPath
C:/Users/instal/Desktop/Szymon Kałuża/SI_Lab1_v2
-logFile
Logs/AssetImportWorker4.log
-srvPort
55682
-job-worker-count
7
-background-job-worker-count
8
-asset-garbage-collectors
1
Successfully changed project path to: C:/Users/instal/Desktop/Szymon Kałuża/SI_Lab1_v2
C:/Users/instal/Desktop/Szymon Kałuża/SI_Lab1_v2
[UnityMemory] Configuration Parameters - Can be set up in boot.config
    "memorysetup-bucket-allocator-granularity=16"
    "memorysetup-bucket-allocator-bucket-count=8"
    "memorysetup-bucket-allocator-block-size=33554432"
    "memorysetup-bucket-allocator-block-count=8"
    "memorysetup-main-allocator-block-size=16777216"
    "memorysetup-thread-allocator-block-size=16777216"
    "memorysetup-gfx-main-allocator-block-size=16777216"
    "memorysetup-gfx-thread-allocator-block-size=16777216"
    "memorysetup-cache-allocator-block-size=4194304"
    "memorysetup-typetree-allocator-block-size=2097152"
    "memorysetup-profiler-bucket-allocator-granularity=16"
    "memorysetup-profiler-bucket-allocator-bucket-count=8"
    "memorysetup-profiler-bucket-allocator-block-size=33554432"
    "memorysetup-profiler-bucket-allocator-block-count=8"
    "memorysetup-profiler-allocator-block-size=16777216"
    "memorysetup-profiler-editor-allocator-block-size=1048576"
    "memorysetup-temp-allocator-size-main=16777216"
    "memorysetup-job-temp-allocator-block-size=2097152"
    "memorysetup-job-temp-allocator-block-size-background=1048576"
    "memorysetup-job-temp-allocator-reduction-small-platforms=262144"
    "memorysetup-allocator-temp-initial-block-size-main=262144"
    "memorysetup-allocator-temp-initial-block-size-worker=262144"
    "memorysetup-temp-allocator-size-background-worker=32768"
    "memorysetup-temp-allocator-size-job-worker=262144"
    "memorysetup-temp-allocator-size-preload-manager=33554432"
    "memorysetup-temp-allocator-size-nav-mesh-worker=65536"
    "memorysetup-temp-allocator-size-audio-worker=65536"
    "memorysetup-temp-allocator-size-cloud-worker=32768"
    "memorysetup-temp-allocator-size-gi-baking-worker=262144"
    "memorysetup-temp-allocator-size-gi-baking-worker=262144"
    "memorysetup-temp-allocator-size-gi-baking-worker=262144"
    "memorysetup-temp-allocator-size-gi-baking-worker=262144"
    "memorysetup-temp-allocator-size-gi-baking-worker=262144"
    "memorysetup-temp-allocator-size-gfx=262144"
Player connection [19728]  Target information:

Player connection [19728]  * "[IP] 192.168.100.71 [Port] 0 [Flags] 2 [Guid] 308235572 [EditorId] 308235572 [Version] 1048832 [Id] WindowsEditor(7,306a7) [Debug] 1 [PackageName] WindowsEditor [ProjectName] Editor" 

Player connection [19728] Host joined multi-casting on [225.0.0.222:54997]...
Player connection [19728] Host joined alternative multi-casting on [225.0.0.222:34997]...
JobSystem: Creating JobQueue using job-worker-count value 7
[Physics::Module] Initialized fallback backend.
[Physics::Module] Id: 0xdecafbad
Library Redirect Path: Library/
[Physics::Module] Selected backend.
[Physics::Module] Name: PhysX
[Physics::Module] Id: 0xf2b8ea05
[Physics::Module] SDK Version: 4.1.2
[Physics::Module] Integration Version: 1.0.0
[Physics::Module] Threading Mode: Multi-Threaded
Refreshing native plugins compatible for Editor in 1.29 ms, found 3 plugins.
Preloading 0 native plugins for Editor in 0.00 ms.
Initialize engine version: 6000.0.23f1 (1c4764c07fb4)
[Subsystems] Discovering subsystems at path C:/Program Files/Unity/Hub/Editor/6000.0.23f1/Editor/Data/Resources/UnitySubsystems
[Subsystems] Discovering subsystems at path C:/Users/instal/Desktop/Szymon Kałuża/SI_Lab1_v2/Assets
GfxDevice: creating device client; kGfxThreadingModeNonThreaded
Direct3D:
    Version:  Direct3D 11.0 [level 11.1]
    Renderer: NVIDIA GeForce RTX 4060 Ti (ID=0x2803)
    Vendor:   NVIDIA
    VRAM:     7949 MB
    Driver:   32.0.15.6094
Initialize mono
Mono path[0] = 'C:/Program Files/Unity/Hub/Editor/6000.0.23f1/Editor/Data/Managed'
Mono path[1] = 'C:/Program Files/Unity/Hub/Editor/6000.0.23f1/Editor/Data/MonoBleedingEdge/lib/mono/unityjit-win32'
Mono config path = 'C:/Program Files/Unity/Hub/Editor/6000.0.23f1/Editor/Data/MonoBleedingEdge/etc'
Using monoOptions --debugger-agent=transport=dt_socket,embedding=1,server=y,suspend=n,address=127.0.0.1:56960
Begin MonoManager ReloadAssembly
Registering precompiled unity dll's ...
Register platform support module: C:/Program Files/Unity/Hub/Editor/6000.0.23f1/Editor/Data/PlaybackEngines/WindowsStandaloneSupport/UnityEditor.WindowsStandalone.Extensions.dll
Registered in 0.002361 seconds.
- Loaded All Assemblies, in  0.283 seconds
Native extension for WindowsStandalone target not found
Mono: successfully reloaded assembly
- Finished resetting the current domain, in  0.246 seconds
Domain Reload Profiling: 529ms
	BeginReloadAssembly (99ms)
		ExecutionOrderSort (0ms)
		DisableScriptedObjects (0ms)
		BackupInstance (0ms)
		ReleaseScriptingObjects (0ms)
		CreateAndSetChildDomain (1ms)
	RebuildCommonClasses (29ms)
	RebuildNativeTypeToScriptingClass (9ms)
	initialDomainReloadingComplete (37ms)
	LoadAllAssembliesAndSetupDomain (109ms)
		LoadAssemblies (97ms)
		RebuildTransferFunctionScriptingTraits (0ms)
		AnalyzeDomain (107ms)
			TypeCache.Refresh (105ms)
				TypeCache.ScanAssembly (96ms)
			BuildScriptInfoCaches (0ms)
			ResolveRequiredComponents (0ms)
	FinalizeReload (246ms)
		ReleaseScriptCaches (0ms)
		RebuildScriptCaches (0ms)
		SetupLoadedEditorAssemblies (212ms)
			LogAssemblyErrors (0ms)
			InitializePlatformSupportModulesInManaged (18ms)
			SetLoadedEditorAssemblies (4ms)
			BeforeProcessingInitializeOnLoad (4ms)
			ProcessInitializeOnLoadAttributes (138ms)
			ProcessInitializeOnLoadMethodAttributes (47ms)
			AfterProcessingInitializeOnLoad (2ms)
			EditorAssembliesLoaded (0ms)
		ExecutionOrderSort2 (0ms)
		AwakeInstancesAfterBackupRestoration (0ms)
========================================================================
Worker process is ready to serve import requests
Import Worker Mode flag is 0x00
Begin MonoManager ReloadAssembly
- Loaded All Assemblies, in  0.796 seconds
Script 'Grid' has the same name as built-in Unity component.
AddComponent and GetComponent will not work with this script.
Refreshing native plugins compatible for Editor in 0.82 ms, found 3 plugins.
Native extension for WindowsStandalone target not found
Mono: successfully reloaded assembly
- Finished resetting the current domain, in  0.738 seconds
Domain Reload Profiling: 1532ms
	BeginReloadAssembly (357ms)
		ExecutionOrderSort (0ms)
		DisableScriptedObjects (7ms)
		BackupInstance (0ms)
		ReleaseScriptingObjects (0ms)
		CreateAndSetChildDomain (29ms)
	RebuildCommonClasses (27ms)
	RebuildNativeTypeToScriptingClass (8ms)
	initialDomainReloadingComplete (30ms)
	LoadAllAssembliesAndSetupDomain (371ms)
		LoadAssemblies (246ms)
		RebuildTransferFunctionScriptingTraits (0ms)
		AnalyzeDomain (200ms)
			TypeCache.Refresh (127ms)
				TypeCache.ScanAssembly (116ms)
			BuildScriptInfoCaches (62ms)
			ResolveRequiredComponents (9ms)
	FinalizeReload (738ms)
		ReleaseScriptCaches (0ms)
		RebuildScriptCaches (0ms)
		SetupLoadedEditorAssemblies (548ms)
			LogAssemblyErrors (0ms)
			InitializePlatformSupportModulesInManaged (2ms)
			SetLoadedEditorAssemblies (4ms)
			BeforeProcessingInitializeOnLoad (50ms)
			ProcessInitializeOnLoadAttributes (432ms)
			ProcessInitializeOnLoadMethodAttributes (55ms)
			AfterProcessingInitializeOnLoad (5ms)
			EditorAssembliesLoaded (0ms)
		ExecutionOrderSort2 (0ms)
		AwakeInstancesAfterBackupRestoration (5ms)
Launched and connected shader compiler UnityShaderCompiler.exe after 0.01 seconds
Refreshing native plugins compatible for Editor in 0.89 ms, found 3 plugins.
Preloading 0 native plugins for Editor in 0.00 ms.
Unloading 199 Unused Serialized files (Serialized files now loaded: 0)
Unloading 5933 unused Assets / (4.2 MB). Loaded Objects now: 6709.
Memory consumption went from 183.5 MB to 179.2 MB.
Total: 8.339000 ms (FindLiveObjects: 0.573900 ms CreateObjectMapping: 0.664300 ms MarkObjects: 5.183000 ms  DeleteObjects: 1.917300 ms)

========================================================================
Received Import Request.
  Time since last request: 618848.016089 seconds.
  path: Assets/Kevin Iglesias/Human Animations/Models
  artifactKey: Guid(7278ad681fe961a49a8889ba9f9d45df) Importer(815301076,1909f56bfc062723c751e8b465ee728b)
Start importing Assets/Kevin Iglesias/Human Animations/Models using Guid(7278ad681fe961a49a8889ba9f9d45df) Importer(815301076,1909f56bfc062723c751e8b465ee728b) (PreviewImporter) -> (artifact id: '98f3eee73d5c4c5cc343fa4bac3733b1') in 0.0042587 seconds
Number of updated asset objects reloaded before import = 0Number of asset objects unloaded after import = 0

========================================================================
Received Import Request.
  Time since last request: 0.529226 seconds.
  path: Assets/Kevin Iglesias/Human Animations/Materials
  artifactKey: Guid(51ecd5c3ff236ad45a534cf2180c75ae) Importer(815301076,1909f56bfc062723c751e8b465ee728b)
Start importing Assets/Kevin Iglesias/Human Animations/Materials using Guid(51ecd5c3ff236ad45a534cf2180c75ae) Importer(815301076,1909f56bfc062723c751e8b465ee728b) (PreviewImporter) -> (artifact id: '2d4005c7113ad0f78ba6d82eb056c47d') in 0.0004122 seconds
Number of updated asset objects reloaded before import = 0Number of asset objects unloaded after import = 0

========================================================================
Received Import Request.
  Time since last request: 0.411510 seconds.
  path: Assets/Kevin Iglesias/Human Animations/Animations
  artifactKey: Guid(efeb8c36a1723364392603dda24becb0) Importer(815301076,1909f56bfc062723c751e8b465ee728b)
Start importing Assets/Kevin Iglesias/Human Animations/Animations using Guid(efeb8c36a1723364392603dda24becb0) Importer(815301076,1909f56bfc062723c751e8b465ee728b) (PreviewImporter) -> (artifact id: '07bffe7b11f55b9cd1e5695cff06cd48') in 0.0004484 seconds
Number of updated asset objects reloaded before import = 0Number of asset objects unloaded after import = 0

========================================================================
Received Import Request.
  Time since last request: 1.300140 seconds.
  path: Assets/Kevin Iglesias/Human Animations/Animations/Male
  artifactKey: Guid(f2c0bdf39740723408c784517a995932) Importer(815301076,1909f56bfc062723c751e8b465ee728b)
Start importing Assets/Kevin Iglesias/Human Animations/Animations/Male using Guid(f2c0bdf39740723408c784517a995932) Importer(815301076,1909f56bfc062723c751e8b465ee728b) (PreviewImporter) -> (artifact id: '27aafa67c9031c47415190968f97c632') in 0.000417 seconds
Number of updated asset objects reloaded before import = 0Number of asset objects unloaded after import = 0

========================================================================
Received Import Request.
  Time since last request: 1.850525 seconds.
  path: Assets/Kevin Iglesias/Human Animations/Animations/Male/Movement
  artifactKey: Guid(14b354c87e646e24b84a04de67edf8a1) Importer(815301076,1909f56bfc062723c751e8b465ee728b)
Start importing Assets/Kevin Iglesias/Human Animations/Animations/Male/Movement using Guid(14b354c87e646e24b84a04de67edf8a1) Importer(815301076,1909f56bfc062723c751e8b465ee728b) (PreviewImporter) -> (artifact id: '2d971db0f74402b051c8ec1b631d4531') in 0.0004163 seconds
Number of updated asset objects reloaded before import = 0Number of asset objects unloaded after import = 0

========================================================================
Received Import Request.
  Time since last request: 0.045129 seconds.
  path: Assets/Kevin Iglesias/Human Animations/Animations/Male/Movement/HumanM@Fall01.fbx
  artifactKey: Guid(d4f295b55050f1c4eb379ec3b6065e52) Importer(815301076,1909f56bfc062723c751e8b465ee728b)
Start importing Assets/Kevin Iglesias/Human Animations/Animations/Male/Movement/HumanM@Fall01.fbx using Guid(d4f295b55050f1c4eb379ec3b6065e52) Importer(815301076,1909f56bfc062723c751e8b465ee728b) (PreviewImporter) -> (artifact id: 'c75fe1c3eea4218c5044b6c66e270dd0') in 0.0294125 seconds
Number of updated asset objects reloaded before import = 0Number of asset objects unloaded after import = 117

========================================================================
Received Import Request.
  Time since last request: 1.052659 seconds.
  path: Assets/Kevin Iglesias/Human Animations/Animations/Male/Movement/Run
  artifactKey: Guid(c05c587ee4b52c140b281cbbb11edb94) Importer(815301076,1909f56bfc062723c751e8b465ee728b)
Start importing Assets/Kevin Iglesias/Human Animations/Animations/Male/Movement/Run using Guid(c05c587ee4b52c140b281cbbb11edb94) Importer(815301076,1909f56bfc062723c751e8b465ee728b) (PreviewImporter) -> (artifact id: '0283975605fcbe91927ee5177b8c9608') in 0.0004441 seconds
Number of updated asset objects reloaded before import = 0Number of asset objects unloaded after import = 0

========================================================================
Received Import Request.
  Time since last request: 0.500146 seconds.
  path: Assets/Kevin Iglesias/Human Animations/Animations/Male/Movement/Sprint
  artifactKey: Guid(7e50a1d6ada63d24fa1493414595aa20) Importer(815301076,1909f56bfc062723c751e8b465ee728b)
Start importing Assets/Kevin Iglesias/Human Animations/Animations/Male/Movement/Sprint using Guid(7e50a1d6ada63d24fa1493414595aa20) Importer(815301076,1909f56bfc062723c751e8b465ee728b) (PreviewImporter) -> (artifact id: '977aa8b2670120f66d29f1d92a630546') in 0.0004249 seconds
Number of updated asset objects reloaded before import = 0Number of asset objects unloaded after import = 0

========================================================================
Received Import Request.
  Time since last request: 0.402685 seconds.
  path: Assets/Kevin Iglesias/Human Animations/Animations/Male/Movement/Turn
  artifactKey: Guid(fef76271049cee74db99d4a4ab446955) Importer(815301076,1909f56bfc062723c751e8b465ee728b)
Start importing Assets/Kevin Iglesias/Human Animations/Animations/Male/Movement/Turn using Guid(fef76271049cee74db99d4a4ab446955) Importer(815301076,1909f56bfc062723c751e8b465ee728b) (PreviewImporter) -> (artifact id: '2326ded5dbfd487226875c1d9b71e8db') in 0.0005528 seconds
Number of updated asset objects reloaded before import = 0Number of asset objects unloaded after import = 0

========================================================================
Received Import Request.
  Time since last request: 0.435789 seconds.
  path: Assets/Kevin Iglesias/Human Animations/Animations/Male/Movement/Walk
  artifactKey: Guid(9036fa8b253f7b242918d9e229a5138d) Importer(815301076,1909f56bfc062723c751e8b465ee728b)
Start importing Assets/Kevin Iglesias/Human Animations/Animations/Male/Movement/Walk using Guid(9036fa8b253f7b242918d9e229a5138d) Importer(815301076,1909f56bfc062723c751e8b465ee728b) (PreviewImporter) -> (artifact id: 'd60926226649dc2c8214a02250fb3344') in 0.0004151 seconds
Number of updated asset objects reloaded before import = 0Number of asset objects unloaded after import = 0

========================================================================
Received Import Request.
  Time since last request: 20.276677 seconds.
  path: Assets/Kevin Iglesias/Human Animations/Animations/Male/Social
  artifactKey: Guid(3ba01845b5bdefc4493d65ee1b969525) Importer(815301076,1909f56bfc062723c751e8b465ee728b)
Start importing Assets/Kevin Iglesias/Human Animations/Animations/Male/Social using Guid(3ba01845b5bdefc4493d65ee1b969525) Importer(815301076,1909f56bfc062723c751e8b465ee728b) (PreviewImporter) -> (artifact id: '3faf6971f0216eb75304db24b39c3a30') in 0.0004626 seconds
Number of updated asset objects reloaded before import = 0Number of asset objects unloaded after import = 0

========================================================================
Received Import Request.
  Time since last request: 1.386095 seconds.
  path: Assets/Kevin Iglesias/Human Animations/Animations/Male/Social/Conversation
  artifactKey: Guid(f9507c68eeb7d1d4c9cf86799a26832e) Importer(815301076,1909f56bfc062723c751e8b465ee728b)
Start importing Assets/Kevin Iglesias/Human Animations/Animations/Male/Social/Conversation using Guid(f9507c68eeb7d1d4c9cf86799a26832e) Importer(815301076,1909f56bfc062723c751e8b465ee728b) (PreviewImporter) -> (artifact id: '9d6d8895e539bab35bb6f5ce93dcc469') in 0.0004203 seconds
Number of updated asset objects reloaded before import = 0Number of asset objects unloaded after import = 0

========================================================================
Received Import Request.
  Time since last request: 0.015221 seconds.
  path: Assets/Kevin Iglesias/Human Animations/Animations/Male/Social/Conversation/HumanM@Talk01.fbx
  artifactKey: Guid(5277e5180e302184fb73653674a14c85) Importer(815301076,1909f56bfc062723c751e8b465ee728b)
Start importing Assets/Kevin Iglesias/Human Animations/Animations/Male/Social/Conversation/HumanM@Talk01.fbx using Guid(5277e5180e302184fb73653674a14c85) Importer(815301076,1909f56bfc062723c751e8b465ee728b) (PreviewImporter) -> (artifact id: '65316e7c610d80262d1c1b1422146d7f') in 0.0034948 seconds
Number of updated asset objects reloaded before import = 0Number of asset objects unloaded after import = 117

========================================================================
Received Import Request.
  Time since last request: 3.004491 seconds.
  path: Assets/Kevin Iglesias/Human Animations/Animations/Female
  artifactKey: Guid(a188c029449cdad41b29e2705df3bea4) Importer(815301076,1909f56bfc062723c751e8b465ee728b)
Start importing Assets/Kevin Iglesias/Human Animations/Animations/Female using Guid(a188c029449cdad41b29e2705df3bea4) Importer(815301076,1909f56bfc062723c751e8b465ee728b) (PreviewImporter) -> (artifact id: '7b9edfc1f4946624763dd71fc644f079') in 0.0004083 seconds
Number of updated asset objects reloaded before import = 0Number of asset objects unloaded after import = 0

========================================================================
Received Import Request.
  Time since last request: 1.403449 seconds.
  path: Assets/Kevin Iglesias/Human Animations/Animations/Male/Idles
  artifactKey: Guid(e6594c847f8afc14d9221105e31658cd) Importer(815301076,1909f56bfc062723c751e8b465ee728b)
Start importing Assets/Kevin Iglesias/Human Animations/Animations/Male/Idles using Guid(e6594c847f8afc14d9221105e31658cd) Importer(815301076,1909f56bfc062723c751e8b465ee728b) (PreviewImporter) -> (artifact id: 'f72180ecf55b4f3002e7a5d1ce6cf6fc') in 0.0004022 seconds
Number of updated asset objects reloaded before import = 0Number of asset objects unloaded after import = 0

========================================================================
Received Import Request.
  Time since last request: 0.045772 seconds.
  path: Assets/Kevin Iglesias/Human Animations/Animations/Male/Idles/HumanM@Idle01.fbx
  artifactKey: Guid(56fd86b76fc74d24d83522069f5deb9b) Importer(815301076,1909f56bfc062723c751e8b465ee728b)
Start importing Assets/Kevin Iglesias/Human Animations/Animations/Male/Idles/HumanM@Idle01.fbx using Guid(56fd86b76fc74d24d83522069f5deb9b) Importer(815301076,1909f56bfc062723c751e8b465ee728b) (PreviewImporter) -> (artifact id: 'd8fa2171268c9978a13fd013dc58e049') in 0.0039118 seconds
Number of updated asset objects reloaded before import = 0Number of asset objects unloaded after import = 117

========================================================================
Received Import Request.
  Time since last request: 0.000015 seconds.
  path: Assets/Kevin Iglesias/Human Animations/Animations/Male/Idles/HumanM@Idle02-Idle01.fbx
  artifactKey: Guid(e23ec565e5d40ad4d94e0af6010f22c8) Importer(815301076,1909f56bfc062723c751e8b465ee728b)
Start importing Assets/Kevin Iglesias/Human Animations/Animations/Male/Idles/HumanM@Idle02-Idle01.fbx using Guid(e23ec565e5d40ad4d94e0af6010f22c8) Importer(815301076,1909f56bfc062723c751e8b465ee728b) (PreviewImporter) -> (artifact id: 'bff2a7c638358f7fd72f2886d0283aa7') in 0.0030916 seconds
Number of updated asset objects reloaded before import = 0Number of asset objects unloaded after import = 117

========================================================================
Received Import Request.
  Time since last request: 11.703520 seconds.
  path: Assets/AnimationController.controller
  artifactKey: Guid(1265137567b925d4a81c19e7080c7a77) Importer(815301076,1909f56bfc062723c751e8b465ee728b)
Start importing Assets/AnimationController.controller using Guid(1265137567b925d4a81c19e7080c7a77) Importer(815301076,1909f56bfc062723c751e8b465ee728b) (PreviewImporter) -> (artifact id: 'fc001fc8ee46c8d9f4af28e8e9bb84d7') in 0.0015532 seconds
Number of updated asset objects reloaded before import = 0Number of asset objects unloaded after import = 2

========================================================================
Received Prepare
Begin MonoManager ReloadAssembly
- Loaded All Assemblies, in  0.616 seconds
Script 'Grid' has the same name as built-in Unity component.
AddComponent and GetComponent will not work with this script.
Refreshing native plugins compatible for Editor in 1.27 ms, found 3 plugins.
Assertion failed on expression: 'pred(*previous, *i)'
Assertion failed on expression: 'pred(*previous, *i)'
Native extension for WindowsStandalone target not found
Mono: successfully reloaded assembly
- Finished resetting the current domain, in  0.896 seconds
Domain Reload Profiling: 1512ms
	BeginReloadAssembly (188ms)
		ExecutionOrderSort (0ms)
		DisableScriptedObjects (5ms)
		BackupInstance (0ms)
		ReleaseScriptingObjects (0ms)
		CreateAndSetChildDomain (48ms)
	RebuildCommonClasses (29ms)
	RebuildNativeTypeToScriptingClass (9ms)
	initialDomainReloadingComplete (27ms)
	LoadAllAssembliesAndSetupDomain (363ms)
		LoadAssemblies (277ms)
		RebuildTransferFunctionScriptingTraits (0ms)
		AnalyzeDomain (177ms)
			TypeCache.Refresh (7ms)
				TypeCache.ScanAssembly (0ms)
			BuildScriptInfoCaches (159ms)
			ResolveRequiredComponents (8ms)
	FinalizeReload (897ms)
		ReleaseScriptCaches (0ms)
		RebuildScriptCaches (0ms)
		SetupLoadedEditorAssemblies (618ms)
			LogAssemblyErrors (0ms)
			InitializePlatformSupportModulesInManaged (2ms)
			SetLoadedEditorAssemblies (4ms)
			BeforeProcessingInitializeOnLoad (64ms)
			ProcessInitializeOnLoadAttributes (490ms)
			ProcessInitializeOnLoadMethodAttributes (52ms)
			AfterProcessingInitializeOnLoad (7ms)
			EditorAssembliesLoaded (0ms)
		ExecutionOrderSort2 (0ms)
		AwakeInstancesAfterBackupRestoration (11ms)
Refreshing native plugins compatible for Editor in 1.38 ms, found 3 plugins.
Preloading 0 native plugins for Editor in 0.00 ms.
Unloading 23 Unused Serialized files (Serialized files now loaded: 0)
Unloading 5931 unused Assets / (4.2 MB). Loaded Objects now: 6727.
Memory consumption went from 165.9 MB to 161.7 MB.
Total: 11.385800 ms (FindLiveObjects: 0.761700 ms CreateObjectMapping: 1.227700 ms MarkObjects: 6.543100 ms  DeleteObjects: 2.852100 ms)

Prepare: number of updated asset objects reloaded= 0
========================================================================
Received Prepare
Begin MonoManager ReloadAssembly
- Loaded All Assemblies, in  0.566 seconds
Script 'Grid' has the same name as built-in Unity component.
AddComponent and GetComponent will not work with this script.
Refreshing native plugins compatible for Editor in 0.96 ms, found 3 plugins.
Assertion failed on expression: 'pred(*previous, *i)'
Assertion failed on expression: 'pred(*previous, *i)'
Native extension for WindowsStandalone target not found
Mono: successfully reloaded assembly
- Finished resetting the current domain, in  0.832 seconds
Domain Reload Profiling: 1398ms
	BeginReloadAssembly (164ms)
		ExecutionOrderSort (0ms)
		DisableScriptedObjects (5ms)
		BackupInstance (0ms)
		ReleaseScriptingObjects (0ms)
		CreateAndSetChildDomain (47ms)
	RebuildCommonClasses (29ms)
	RebuildNativeTypeToScriptingClass (9ms)
	initialDomainReloadingComplete (21ms)
	LoadAllAssembliesAndSetupDomain (342ms)
		LoadAssemblies (256ms)
		RebuildTransferFunctionScriptingTraits (0ms)
		AnalyzeDomain (162ms)
			TypeCache.Refresh (5ms)
				TypeCache.ScanAssembly (0ms)
			BuildScriptInfoCaches (142ms)
			ResolveRequiredComponents (11ms)
	FinalizeReload (832ms)
		ReleaseScriptCaches (0ms)
		RebuildScriptCaches (0ms)
		SetupLoadedEditorAssemblies (582ms)
			LogAssemblyErrors (0ms)
			InitializePlatformSupportModulesInManaged (2ms)
			SetLoadedEditorAssemblies (4ms)
			BeforeProcessingInitializeOnLoad (50ms)
			ProcessInitializeOnLoadAttributes (467ms)
			ProcessInitializeOnLoadMethodAttributes (51ms)
			AfterProcessingInitializeOnLoad (7ms)
			EditorAssembliesLoaded (0ms)
		ExecutionOrderSort2 (0ms)
		AwakeInstancesAfterBackupRestoration (12ms)
Refreshing native plugins compatible for Editor in 1.82 ms, found 3 plugins.
Preloading 0 native plugins for Editor in 0.00 ms.
Unloading 13 Unused Serialized files (Serialized files now loaded: 0)
Unloading 5931 unused Assets / (4.5 MB). Loaded Objects now: 6729.
Memory consumption went from 164.2 MB to 159.7 MB.
Total: 13.852100 ms (FindLiveObjects: 0.860000 ms CreateObjectMapping: 1.403100 ms MarkObjects: 8.102500 ms  DeleteObjects: 3.485000 ms)

Prepare: number of updated asset objects reloaded= 0
========================================================================
Received Import Request.
  Time since last request: 144.238002 seconds.
  path: Assets/AIController.cs
  artifactKey: Guid(229ee29422f163c41a34b8f6a7c8673d) Importer(815301076,1909f56bfc062723c751e8b465ee728b)
Start importing Assets/AIController.cs using Guid(229ee29422f163c41a34b8f6a7c8673d) Importer(815301076,1909f56bfc062723c751e8b465ee728b) (PreviewImporter) -> (artifact id: '8e237b0d5266a92946416fd555dc3f4c') in 0.0106507 seconds
Number of updated asset objects reloaded before import = 0Number of asset objects unloaded after import = 0

========================================================================
Received Import Request.
  Time since last request: 144.644493 seconds.
  path: Assets/Alstra Infinite
  artifactKey: Guid(9ff9afe11d25fb641b0de1ebb167fe32) Importer(815301076,1909f56bfc062723c751e8b465ee728b)
Start importing Assets/Alstra Infinite using Guid(9ff9afe11d25fb641b0de1ebb167fe32) Importer(815301076,1909f56bfc062723c751e8b465ee728b) (PreviewImporter) -> (artifact id: '2676622377a74405af6d15590174ea73') in 0.000515 seconds
Number of updated asset objects reloaded before import = 0Number of asset objects unloaded after import = 0

========================================================================
Received Import Request.
  Time since last request: 0.569657 seconds.
  path: Assets/Alstra Infinite/Chests - PolyPack
  artifactKey: Guid(9c7595fce7a51424fa1ee775a2a81bdf) Importer(815301076,1909f56bfc062723c751e8b465ee728b)
Start importing Assets/Alstra Infinite/Chests - PolyPack using Guid(9c7595fce7a51424fa1ee775a2a81bdf) Importer(815301076,1909f56bfc062723c751e8b465ee728b) (PreviewImporter) -> (artifact id: 'efece1cfa525a1d8172131469a5cf7d6') in 0.0005089 seconds
Number of updated asset objects reloaded before import = 0Number of asset objects unloaded after import = 0

========================================================================
Received Import Request.
  Time since last request: 1.233436 seconds.
  path: Assets/Alstra Infinite/Chests - PolyPack/Models
  artifactKey: Guid(7fde36bd44b42a5418c33864314b88b3) Importer(815301076,1909f56bfc062723c751e8b465ee728b)
Start importing Assets/Alstra Infinite/Chests - PolyPack/Models using Guid(7fde36bd44b42a5418c33864314b88b3) Importer(815301076,1909f56bfc062723c751e8b465ee728b) (PreviewImporter) -> (artifact id: '7298c60c1f17f876fe66ed193aeaa536') in 0.0006005 seconds
Number of updated asset objects reloaded before import = 0Number of asset objects unloaded after import = 0

========================================================================
Received Import Request.
  Time since last request: 0.038714 seconds.
  path: Assets/Alstra Infinite/Chests - PolyPack/Models/ChestV1.fbx
  artifactKey: Guid(389145416c3991c4fa052f7911e54332) Importer(815301076,1909f56bfc062723c751e8b465ee728b)
Start importing Assets/Alstra Infinite/Chests - PolyPack/Models/ChestV1.fbx using Guid(389145416c3991c4fa052f7911e54332) Importer(815301076,1909f56bfc062723c751e8b465ee728b) (PreviewImporter) -> (artifact id: '5ef5d15ba4fcb43308240227ce93c4a0') in 0.4900175 seconds
Number of updated asset objects reloaded before import = 0Number of asset objects unloaded after import = 24

========================================================================
Received Import Request.
  Time since last request: 0.000027 seconds.
  path: Assets/Alstra Infinite/Chests - PolyPack/Models/ChestV3.fbx
  artifactKey: Guid(721802e1fc935344ba69b92b6c2c4128) Importer(815301076,1909f56bfc062723c751e8b465ee728b)
Start importing Assets/Alstra Infinite/Chests - PolyPack/Models/ChestV3.fbx using Guid(721802e1fc935344ba69b92b6c2c4128) Importer(815301076,1909f56bfc062723c751e8b465ee728b) (PreviewImporter) -> (artifact id: '764b4ec92702d240cc90319462fdaa10') in 0.0419083 seconds
Number of updated asset objects reloaded before import = 0Number of asset objects unloaded after import = 24

========================================================================
Received Import Request.
  Time since last request: 0.000030 seconds.
  path: Assets/Alstra Infinite/Chests - PolyPack/Models/ChestV2_Lock.fbx
  artifactKey: Guid(e997935e35184b5458c22a240218e647) Importer(815301076,1909f56bfc062723c751e8b465ee728b)
Start importing Assets/Alstra Infinite/Chests - PolyPack/Models/ChestV2_Lock.fbx using Guid(e997935e35184b5458c22a240218e647) Importer(815301076,1909f56bfc062723c751e8b465ee728b) (PreviewImporter) -> (artifact id: '3dc94980493ff29712cc7bff703b64bd') in 0.0217922 seconds
Number of updated asset objects reloaded before import = 0Number of asset objects unloaded after import = 9

========================================================================
Received Import Request.
  Time since last request: 0.000026 seconds.
  path: Assets/Alstra Infinite/Chests - PolyPack/Models/ChestV2.fbx
  artifactKey: Guid(35bc3884dfa23b048b61b99c0548b6e2) Importer(815301076,1909f56bfc062723c751e8b465ee728b)
Start importing Assets/Alstra Infinite/Chests - PolyPack/Models/ChestV2.fbx using Guid(35bc3884dfa23b048b61b99c0548b6e2) Importer(815301076,1909f56bfc062723c751e8b465ee728b) (PreviewImporter) -> (artifact id: '2d3f5c937f03641f8e12477e3b17c320') in 0.0424879 seconds
Number of updated asset objects reloaded before import = 0Number of asset objects unloaded after import = 24

========================================================================
Received Import Request.
  Time since last request: 56.893977 seconds.
  path: Assets/New Terrain 1.asset
  artifactKey: Guid(d9852ead28986274bb70e30727fb561b) Importer(2089858483,3d70f49cd1c2eb9ae422958d1c652c6b)
Start importing Assets/New Terrain 1.asset using Guid(d9852ead28986274bb70e30727fb561b) Importer(2089858483,3d70f49cd1c2eb9ae422958d1c652c6b) (ScriptedImporter) -> (artifact id: '856a2dc70ef0034b97bca319bbd4b371') in 0.2272718 seconds
Number of updated asset objects reloaded before import = 0Number of asset objects unloaded after import = 0

========================================================================
Received Import Request.
  Time since last request: 0.000063 seconds.
  path: Assets/Settings/Mobile_RPAsset.asset
  artifactKey: Guid(5e6cbd92db86f4b18aec3ed561671858) Importer(2089858483,3d70f49cd1c2eb9ae422958d1c652c6b)
Start importing Assets/Settings/Mobile_RPAsset.asset using Guid(5e6cbd92db86f4b18aec3ed561671858) Importer(2089858483,3d70f49cd1c2eb9ae422958d1c652c6b) (ScriptedImporter) -> (artifact id: '14d34fefcd5e6eef2c7ac9b0a5b765aa') in 0.0461497 seconds
Number of updated asset objects reloaded before import = 0Number of asset objects unloaded after import = 1

========================================================================
Received Import Request.
  Time since last request: 0.000053 seconds.
  path: Assets/Settings/UniversalRenderPipelineGlobalSettings.asset
  artifactKey: Guid(18dc0cd2c080841dea60987a38ce93fa) Importer(2089858483,3d70f49cd1c2eb9ae422958d1c652c6b)
Start importing Assets/Settings/UniversalRenderPipelineGlobalSettings.asset using Guid(18dc0cd2c080841dea60987a38ce93fa) Importer(2089858483,3d70f49cd1c2eb9ae422958d1c652c6b) (ScriptedImporter) -> (artifact id: '70a2c709fd048f29ffb0cb82690b9c7c') in 0.0220627 seconds
Number of updated asset objects reloaded before import = 0Number of asset objects unloaded after import = 0

========================================================================
Received Import Request.
  Time since last request: 0.000024 seconds.
  path: Assets/Settings/DefaultVolumeProfile.asset
  artifactKey: Guid(ab09877e2e707104187f6f83e2f62510) Importer(2089858483,3d70f49cd1c2eb9ae422958d1c652c6b)
Start importing Assets/Settings/DefaultVolumeProfile.asset using Guid(ab09877e2e707104187f6f83e2f62510) Importer(2089858483,3d70f49cd1c2eb9ae422958d1c652c6b) (ScriptedImporter) -> (artifact id: '62dbab3fade36b4bb3b01311ab0a0576') in 0.0164546 seconds
Number of updated asset objects reloaded before import = 0Number of asset objects unloaded after import = 0

========================================================================
Received Import Request.
  Time since last request: 0.000022 seconds.
  path: Assets/Settings/SampleSceneProfile.asset
  artifactKey: Guid(10fc4df2da32a41aaa32d77bc913491c) Importer(2089858483,3d70f49cd1c2eb9ae422958d1c652c6b)
Start importing Assets/Settings/SampleSceneProfile.asset using Guid(10fc4df2da32a41aaa32d77bc913491c) Importer(2089858483,3d70f49cd1c2eb9ae422958d1c652c6b) (ScriptedImporter) -> (artifact id: 'be79a59f3c3aa68ade5c95177f885f30') in 0.0218035 seconds
Number of updated asset objects reloaded before import = 0Number of asset objects unloaded after import = 0

========================================================================
Received Import Request.
  Time since last request: 0.000026 seconds.
  path: Assets/Kevin Iglesias/Human Base Meshes/Prefabs/DummyModel_Female.prefab
  artifactKey: Guid(6881fd16748b6414f93868a9a402db0c) Importer(2089858483,3d70f49cd1c2eb9ae422958d1c652c6b)
Start importing Assets/Kevin Iglesias/Human Base Meshes/Prefabs/DummyModel_Female.prefab using Guid(6881fd16748b6414f93868a9a402db0c) Importer(2089858483,3d70f49cd1c2eb9ae422958d1c652c6b) (ScriptedImporter) -> (artifact id: '7241e59675fedb35d74fd038987f1e68') in 0.0711786 seconds
Number of updated asset objects reloaded before import = 0Number of asset objects unloaded after import = 151

========================================================================
Received Import Request.
  Time since last request: 0.000028 seconds.
  path: Assets/Kevin Iglesias/Human Animations/Animations/Female/Movement/Turn/HumanF@Turn01_Left [RM].fbx
  artifactKey: Guid(5bd3d7f1a4660714fac37ca2bed05096) Importer(2089858483,192608db42251d675da83286b1cce702)
Start importing Assets/Kevin Iglesias/Human Animations/Animations/Female/Movement/Turn/HumanF@Turn01_Left [RM].fbx using Guid(5bd3d7f1a4660714fac37ca2bed05096) Importer(2089858483,192608db42251d675da83286b1cce702) (ScriptedImporter) -> (artifact id: '77b53874b3e723b051c7463c09227713') in 0.0655148 seconds
Number of updated asset objects reloaded before import = 0Number of asset objects unloaded after import = 120

========================================================================
Received Import Request.
  Time since last request: 0.000043 seconds.
  path: Assets/Kevin Iglesias/Human Base Meshes/Prefabs/DummyModel_Female.prefab
  artifactKey: Guid(6881fd16748b6414f93868a9a402db0c) Importer(2089858483,192608db42251d675da83286b1cce702)
Start importing Assets/Kevin Iglesias/Human Base Meshes/Prefabs/DummyModel_Female.prefab using Guid(6881fd16748b6414f93868a9a402db0c) Importer(2089858483,192608db42251d675da83286b1cce702) (ScriptedImporter) -> (artifact id: '6990ab9c88cc0c21a8a6af35947480fc') in 0.0373877 seconds
Number of updated asset objects reloaded before import = 0Number of asset objects unloaded after import = 150

========================================================================
Received Import Request.
  Time since last request: 0.000036 seconds.
  path: Assets/Kevin Iglesias/Human Base Meshes/Textures/DummyMale/HumanBaseMeshes_DummyMale-AmbientOcclusion.png
  artifactKey: Guid(c023f284774ef584da1c1ab718e3a660) Importer(2089858483,192608db42251d675da83286b1cce702)
Start importing Assets/Kevin Iglesias/Human Base Meshes/Textures/DummyMale/HumanBaseMeshes_DummyMale-AmbientOcclusion.png using Guid(c023f284774ef584da1c1ab718e3a660) Importer(2089858483,192608db42251d675da83286b1cce702) (ScriptedImporter) -> (artifact id: 'df47887b7d8fbfa64e26c72d94b5a926') in 0.0747577 seconds
Number of updated asset objects reloaded before import = 0Number of asset objects unloaded after import = 1

========================================================================
Received Import Request.
  Time since last request: 0.000045 seconds.
  path: Assets/Kevin Iglesias/Human Base Meshes/Prefabs/HumanBaseMesh_Male01.prefab
  artifactKey: Guid(1b2f0b19b195e33478c3e4ac1cd90f17) Importer(2089858483,192608db42251d675da83286b1cce702)
Start importing Assets/Kevin Iglesias/Human Base Meshes/Prefabs/HumanBaseMesh_Male01.prefab using Guid(1b2f0b19b195e33478c3e4ac1cd90f17) Importer(2089858483,192608db42251d675da83286b1cce702) (ScriptedImporter) -> (artifact id: '5b29385df595ad5b5d233cae07ff4aac') in 0.0639303 seconds
Number of updated asset objects reloaded before import = 0Number of asset objects unloaded after import = 150

========================================================================
Received Import Request.
  Time since last request: 0.000034 seconds.
  path: Assets/Kevin Iglesias/Human Animations/Unity Demo Scenes/Basic Motions Scene/Animator Controllers/HumanM-Basic@Idles.controller
  artifactKey: Guid(e181921bcbf3a504f8b1ee0667d03cc9) Importer(2089858483,192608db42251d675da83286b1cce702)
Start importing Assets/Kevin Iglesias/Human Animations/Unity Demo Scenes/Basic Motions Scene/Animator Controllers/HumanM-Basic@Idles.controller using Guid(e181921bcbf3a504f8b1ee0667d03cc9) Importer(2089858483,192608db42251d675da83286b1cce702) (ScriptedImporter) -> (artifact id: 'da80ef65c2902093dcec0ef437cad7f6') in 0.0291648 seconds
Number of updated asset objects reloaded before import = 0Number of asset objects unloaded after import = 14

========================================================================
Received Import Request.
  Time since last request: 0.000087 seconds.
  path: Assets/Kevin Iglesias/Human Animations/Animations/Female/Movement/Walk/RootMotion/HumanF@Walk01_ForwardRight [RM].fbx
  artifactKey: Guid(0a08d205231ed564d97c4e32af47f926) Importer(2089858483,192608db42251d675da83286b1cce702)
Start importing Assets/Kevin Iglesias/Human Animations/Animations/Female/Movement/Walk/RootMotion/HumanF@Walk01_ForwardRight [RM].fbx using Guid(0a08d205231ed564d97c4e32af47f926) Importer(2089858483,192608db42251d675da83286b1cce702) (ScriptedImporter) -> (artifact id: 'fe7da6ef2721b7af76250efcf2ad6126') in 0.0454994 seconds
Number of updated asset objects reloaded before import = 0Number of asset objects unloaded after import = 120

========================================================================
Received Import Request.
  Time since last request: 0.000036 seconds.
  path: Assets/Kevin Iglesias/Human Animations/Animations/Female/Movement/Walk/HumanF@Walk01_Backward.fbx
  artifactKey: Guid(ea1152d3598363b4ba8e5a2aaf1b9590) Importer(2089858483,192608db42251d675da83286b1cce702)
Start importing Assets/Kevin Iglesias/Human Animations/Animations/Female/Movement/Walk/HumanF@Walk01_Backward.fbx using Guid(ea1152d3598363b4ba8e5a2aaf1b9590) Importer(2089858483,192608db42251d675da83286b1cce702) (ScriptedImporter) -> (artifact id: '6e1da03b2ade99a9ed01accfb5c01263') in 0.0545888 seconds
Number of updated asset objects reloaded before import = 0Number of asset objects unloaded after import = 120

========================================================================
Received Import Request.
  Time since last request: 0.000029 seconds.
  path: Assets/Kevin Iglesias/Human Base Meshes/Human Base Meshes.unity
  artifactKey: Guid(8112063d97f9d004292007fc2177e4c6) Importer(2089858483,192608db42251d675da83286b1cce702)
Start importing Assets/Kevin Iglesias/Human Base Meshes/Human Base Meshes.unity using Guid(8112063d97f9d004292007fc2177e4c6) Importer(2089858483,192608db42251d675da83286b1cce702) (ScriptedImporter) -> (artifact id: 'e56b3a77866639bfbd03c88ac5ae846b') in 0.0218793 seconds
Number of updated asset objects reloaded before import = 0Number of asset objects unloaded after import = 1

========================================================================
Received Import Request.
  Time since last request: 0.000030 seconds.
  path: Assets/Kevin Iglesias/Human Base Meshes/Textures/HumanBaseMesh_Male-AmbientOcclusion.png
  artifactKey: Guid(740004e6eaf6b86478ee053d50a5e411) Importer(2089858483,192608db42251d675da83286b1cce702)
Start importing Assets/Kevin Iglesias/Human Base Meshes/Textures/HumanBaseMesh_Male-AmbientOcclusion.png using Guid(740004e6eaf6b86478ee053d50a5e411) Importer(2089858483,192608db42251d675da83286b1cce702) (ScriptedImporter) -> (artifact id: '067b4144caa4aa51c34f1af7e5de24d7') in 0.0380322 seconds
Number of updated asset objects reloaded before import = 0Number of asset objects unloaded after import = 1

========================================================================
Received Import Request.
  Time since last request: 0.000037 seconds.
  path: Assets/New Terrain 2.asset
  artifactKey: Guid(5564c8e7056fe3b4b89c55658f815180) Importer(2089858483,192608db42251d675da83286b1cce702)
Start importing Assets/New Terrain 2.asset using Guid(5564c8e7056fe3b4b89c55658f815180) Importer(2089858483,192608db42251d675da83286b1cce702) (ScriptedImporter) -> (artifact id: 'f05ca60fb556223c465c0e4ae1b196bb') in 0.0233991 seconds
Number of updated asset objects reloaded before import = 0Number of asset objects unloaded after import = 1

========================================================================
Received Import Request.
  Time since last request: 0.000028 seconds.
  path: Assets/Kevin Iglesias/Human Base Meshes/Prefabs/HumanBaseMesh_Female02.prefab
  artifactKey: Guid(0379d78c71d2c1f4f8bdb0fbe6869a6c) Importer(2089858483,192608db42251d675da83286b1cce702)
Start importing Assets/Kevin Iglesias/Human Base Meshes/Prefabs/HumanBaseMesh_Female02.prefab using Guid(0379d78c71d2c1f4f8bdb0fbe6869a6c) Importer(2089858483,192608db42251d675da83286b1cce702) (ScriptedImporter) -> (artifact id: '223fd5af5d1bb80fdcf62e9f622017a9') in 0.0267867 seconds
Number of updated asset objects reloaded before import = 0Number of asset objects unloaded after import = 150

========================================================================
Received Import Request.
  Time since last request: 0.000024 seconds.
  path: Assets/Kevin Iglesias/Human Animations/Animations/Female/Social
  artifactKey: Guid(f2c3f25206bc5304593237a67a5a30b4) Importer(2089858483,192608db42251d675da83286b1cce702)
Start importing Assets/Kevin Iglesias/Human Animations/Animations/Female/Social using Guid(f2c3f25206bc5304593237a67a5a30b4) Importer(2089858483,192608db42251d675da83286b1cce702) (ScriptedImporter) -> (artifact id: '6863876bd7910b960587787173d701c4') in 0.0156301 seconds
Number of updated asset objects reloaded before import = 0Number of asset objects unloaded after import = 1

========================================================================
Received Import Request.
  Time since last request: 0.000034 seconds.
  path: Assets/Kevin Iglesias/Human Animations/Unity Demo Scenes
  artifactKey: Guid(85f0e47a261332e4fa451ebb323c8921) Importer(2089858483,192608db42251d675da83286b1cce702)
Start importing Assets/Kevin Iglesias/Human Animations/Unity Demo Scenes using Guid(85f0e47a261332e4fa451ebb323c8921) Importer(2089858483,192608db42251d675da83286b1cce702) (ScriptedImporter) -> (artifact id: '7a433d029bab9b42e3b6fe48ce600e2b') in 0.0154699 seconds
Number of updated asset objects reloaded before import = 0Number of asset objects unloaded after import = 1

========================================================================
Received Import Request.
  Time since last request: 0.000030 seconds.
  path: Assets/Kevin Iglesias/Human Animations/Animations/Male/Movement/HumanM@Jump01.fbx
  artifactKey: Guid(6f77ba973a5a61c4ab15ef8362a5b624) Importer(2089858483,192608db42251d675da83286b1cce702)
Start importing Assets/Kevin Iglesias/Human Animations/Animations/Male/Movement/HumanM@Jump01.fbx using Guid(6f77ba973a5a61c4ab15ef8362a5b624) Importer(2089858483,192608db42251d675da83286b1cce702) (ScriptedImporter) -> (artifact id: '2f86a526202cfd918e3ef9ed1e9c4838') in 0.0349306 seconds
Number of updated asset objects reloaded before import = 0Number of asset objects unloaded after import = 118

========================================================================
Received Import Request.
  Time since last request: 0.000042 seconds.
  path: Assets/Kevin Iglesias/Human Animations/Animations/Male/Idles/HumanM@Idle02-Idle01.fbx
  artifactKey: Guid(e23ec565e5d40ad4d94e0af6010f22c8) Importer(2089858483,192608db42251d675da83286b1cce702)
Start importing Assets/Kevin Iglesias/Human Animations/Animations/Male/Idles/HumanM@Idle02-Idle01.fbx using Guid(e23ec565e5d40ad4d94e0af6010f22c8) Importer(2089858483,192608db42251d675da83286b1cce702) (ScriptedImporter) -> (artifact id: '06deb9bf8d29bf202286121077557560') in 0.044369 seconds
Number of updated asset objects reloaded before import = 0Number of asset objects unloaded after import = 118

========================================================================
Received Import Request.
  Time since last request: 0.000029 seconds.
  path: Assets/Kevin Iglesias/Human Animations/Animations/Female/Movement/Walk/RootMotion/HumanF@Walk01_BackwardRight [RM].fbx
  artifactKey: Guid(82cd4b80fd909174cb0e0de6bdfc6e65) Importer(2089858483,192608db42251d675da83286b1cce702)
Start importing Assets/Kevin Iglesias/Human Animations/Animations/Female/Movement/Walk/RootMotion/HumanF@Walk01_BackwardRight [RM].fbx using Guid(82cd4b80fd909174cb0e0de6bdfc6e65) Importer(2089858483,192608db42251d675da83286b1cce702) (ScriptedImporter) -> (artifact id: 'e57f00c413b39fd3907cc97a270c8dea') in 0.1055803 seconds
Number of updated asset objects reloaded before import = 0Number of asset objects unloaded after import = 120

========================================================================
Received Import Request.
  Time since last request: 0.000028 seconds.
  path: Assets/Kevin Iglesias/Human Animations/Animations/Male/Movement/Sprint/RootMotion
  artifactKey: Guid(89c28c6713f4e2447b5fdc6740e8232a) Importer(2089858483,192608db42251d675da83286b1cce702)
Start importing Assets/Kevin Iglesias/Human Animations/Animations/Male/Movement/Sprint/RootMotion using Guid(89c28c6713f4e2447b5fdc6740e8232a) Importer(2089858483,192608db42251d675da83286b1cce702) (ScriptedImporter) -> (artifact id: '3346f1ec19d6651b902408552b6ba3aa') in 0.0261355 seconds
Number of updated asset objects reloaded before import = 0Number of asset objects unloaded after import = 1

========================================================================
Received Import Request.
  Time since last request: 0.000041 seconds.
  path: Assets/Kevin Iglesias/Human Base Meshes/Prefabs/HumanBaseMesh_Male02.prefab
  artifactKey: Guid(147fd0d05b79ea44e92fa40164e8ba99) Importer(2089858483,3d70f49cd1c2eb9ae422958d1c652c6b)
Start importing Assets/Kevin Iglesias/Human Base Meshes/Prefabs/HumanBaseMesh_Male02.prefab using Guid(147fd0d05b79ea44e92fa40164e8ba99) Importer(2089858483,3d70f49cd1c2eb9ae422958d1c652c6b) (ScriptedImporter) -> (artifact id: '2523962feeee83a82382d2b0faea6293') in 0.0664757 seconds
Number of updated asset objects reloaded before import = 0Number of asset objects unloaded after import = 151

========================================================================
Received Import Request.
  Time since last request: 0.000025 seconds.
  path: Assets/Kevin Iglesias/Human Animations/Animations/Female/Movement/HumanF@Jump01.fbx
  artifactKey: Guid(a32e09bfd110b9f47aca50f1f8bdd882) Importer(2089858483,192608db42251d675da83286b1cce702)
Start importing Assets/Kevin Iglesias/Human Animations/Animations/Female/Movement/HumanF@Jump01.fbx using Guid(a32e09bfd110b9f47aca50f1f8bdd882) Importer(2089858483,192608db42251d675da83286b1cce702) (ScriptedImporter) -> (artifact id: '1c8bcd56a2b9fe3d609da5d24347bde2') in 0.1198597 seconds
Number of updated asset objects reloaded before import = 0Number of asset objects unloaded after import = 122

========================================================================
Received Import Request.
  Time since last request: 0.000031 seconds.
  path: Assets/Kevin Iglesias/Human Base Meshes/_BlenderSourceFiles.zip
  artifactKey: Guid(b91ed4ad12330d64d93f11e2d8e7be6d) Importer(2089858483,192608db42251d675da83286b1cce702)
Start importing Assets/Kevin Iglesias/Human Base Meshes/_BlenderSourceFiles.zip using Guid(b91ed4ad12330d64d93f11e2d8e7be6d) Importer(2089858483,192608db42251d675da83286b1cce702) (ScriptedImporter) -> (artifact id: '7a26c48e20a0ad33f08531698aaf6f74') in 0.0226087 seconds
Number of updated asset objects reloaded before import = 0Number of asset objects unloaded after import = 1

========================================================================
Received Import Request.
  Time since last request: 0.000039 seconds.
  path: Assets/Kevin Iglesias/Human Animations/Animations/Female/Movement/Walk/RootMotion
  artifactKey: Guid(463c25da98f5f19489e497d0ee0a591f) Importer(2089858483,192608db42251d675da83286b1cce702)
Start importing Assets/Kevin Iglesias/Human Animations/Animations/Female/Movement/Walk/RootMotion using Guid(463c25da98f5f19489e497d0ee0a591f) Importer(2089858483,192608db42251d675da83286b1cce702) (ScriptedImporter) -> (artifact id: '9d31572ee6bd22b61744e33aec48ea5c') in 0.0244695 seconds
Number of updated asset objects reloaded before import = 0Number of asset objects unloaded after import = 1

========================================================================
Received Import Request.
  Time since last request: 0.000027 seconds.
  path: Assets/Kevin Iglesias/Human Animations/Animations/Male/Movement/Walk/HumanM@Walk01_ForwardRight.fbx
  artifactKey: Guid(6c1c5513c95aed44e9db044c2d6406a1) Importer(2089858483,192608db42251d675da83286b1cce702)
Start importing Assets/Kevin Iglesias/Human Animations/Animations/Male/Movement/Walk/HumanM@Walk01_ForwardRight.fbx using Guid(6c1c5513c95aed44e9db044c2d6406a1) Importer(2089858483,192608db42251d675da83286b1cce702) (ScriptedImporter) -> (artifact id: 'cefc0b9c31be25be9e26464a88291fa7') in 0.0347907 seconds
Number of updated asset objects reloaded before import = 0Number of asset objects unloaded after import = 118

========================================================================
Received Import Request.
  Time since last request: 0.000025 seconds.
  path: Assets/Kevin Iglesias/Human Animations/Animations/Female/Movement/Run/RootMotion/HumanF@Run01_BackwardRight [RM].fbx
  artifactKey: Guid(7845e2a598f33264ab539c9c510974fb) Importer(2089858483,192608db42251d675da83286b1cce702)
Start importing Assets/Kevin Iglesias/Human Animations/Animations/Female/Movement/Run/RootMotion/HumanF@Run01_BackwardRight [RM].fbx using Guid(7845e2a598f33264ab539c9c510974fb) Importer(2089858483,192608db42251d675da83286b1cce702) (ScriptedImporter) -> (artifact id: '44204cd49ec13cd874a0f20f8e3ecf07') in 0.0396033 seconds
Number of updated asset objects reloaded before import = 0Number of asset objects unloaded after import = 120

========================================================================
Received Import Request.
  Time since last request: 0.000029 seconds.
  path: Assets/Kevin Iglesias/Human Animations/Animations/Male/Movement/Turn/HumanM@Turn01_Left [RM].fbx
  artifactKey: Guid(19d4cab1f1a36f44db3b80478afd3cb9) Importer(2089858483,192608db42251d675da83286b1cce702)
Start importing Assets/Kevin Iglesias/Human Animations/Animations/Male/Movement/Turn/HumanM@Turn01_Left [RM].fbx using Guid(19d4cab1f1a36f44db3b80478afd3cb9) Importer(2089858483,192608db42251d675da83286b1cce702) (ScriptedImporter) -> (artifact id: '5f7b0b0508750e7a82e67075803e8f71') in 0.043474 seconds
Number of updated asset objects reloaded before import = 0Number of asset objects unloaded after import = 118

========================================================================
Received Import Request.
  Time since last request: 0.000039 seconds.
  path: Assets/Kevin Iglesias/Human Animations/Unity Demo Scenes/Basic Motions Scene/Animator Controllers/HumanM-Basic@Walk.controller
  artifactKey: Guid(d5eefa1c84d13d44b85dfe8499a4dcc4) Importer(2089858483,192608db42251d675da83286b1cce702)
Start importing Assets/Kevin Iglesias/Human Animations/Unity Demo Scenes/Basic Motions Scene/Animator Controllers/HumanM-Basic@Walk.controller using Guid(d5eefa1c84d13d44b85dfe8499a4dcc4) Importer(2089858483,192608db42251d675da83286b1cce702) (ScriptedImporter) -> (artifact id: '6e573aa35f3d5a29103b42ce6a5d8a02') in 0.0237037 seconds
Number of updated asset objects reloaded before import = 0Number of asset objects unloaded after import = 4

========================================================================
Received Import Request.
  Time since last request: 0.000026 seconds.
  path: Assets/Kevin Iglesias/Human Animations/Animations/Female/Movement/Run/RootMotion/HumanF@Run01_Left [RM].fbx
  artifactKey: Guid(3dcef214b43b1cc4fb0cd9fcee13197f) Importer(2089858483,192608db42251d675da83286b1cce702)
Start importing Assets/Kevin Iglesias/Human Animations/Animations/Female/Movement/Run/RootMotion/HumanF@Run01_Left [RM].fbx using Guid(3dcef214b43b1cc4fb0cd9fcee13197f) Importer(2089858483,192608db42251d675da83286b1cce702) (ScriptedImporter) -> (artifact id: '2dd7b00fb21020b381149ae2316bc388') in 0.0350291 seconds
Number of updated asset objects reloaded before import = 0Number of asset objects unloaded after import = 120

========================================================================
Received Import Request.
  Time since last request: 0.000041 seconds.
  path: Assets/Alstra Infinite/Chests - PolyPack/Prefabs/ChestV1_Loot.prefab
  artifactKey: Guid(117d1a029960d594f96bae9acdb46e33) Importer(2089858483,3d70f49cd1c2eb9ae422958d1c652c6b)
Start importing Assets/Alstra Infinite/Chests - PolyPack/Prefabs/ChestV1_Loot.prefab using Guid(117d1a029960d594f96bae9acdb46e33) Importer(2089858483,3d70f49cd1c2eb9ae422958d1c652c6b) (ScriptedImporter) -> (artifact id: '92e603a1878ff6155f41dad87b3e991b') in 0.0217579 seconds
Number of updated asset objects reloaded before import = 0Number of asset objects unloaded after import = 9

========================================================================
Received Import Request.
  Time since last request: 0.000025 seconds.
  path: Assets/Kevin Iglesias/Human Animations/Animations/Male/Movement/Run/RootMotion/HumanM@Run01_ForwardLeft [RM].fbx
  artifactKey: Guid(ba511ca48dc3da344873ad895c348f5b) Importer(2089858483,192608db42251d675da83286b1cce702)
Start importing Assets/Kevin Iglesias/Human Animations/Animations/Male/Movement/Run/RootMotion/HumanM@Run01_ForwardLeft [RM].fbx using Guid(ba511ca48dc3da344873ad895c348f5b) Importer(2089858483,192608db42251d675da83286b1cce702) (ScriptedImporter) -> (artifact id: '0bbbd1a4816fc4097cfcd777e09f29fd') in 0.04197 seconds
Number of updated asset objects reloaded before import = 0Number of asset objects unloaded after import = 118

========================================================================
Received Import Request.
  Time since last request: 0.000060 seconds.
  path: Assets/Kevin Iglesias/Human Animations/Unity Demo Scenes/Basic Motions Scene/Prefabs/Human_BasicMotionsDummy_M.prefab
  artifactKey: Guid(bb96394e9629f20408ea23d3760ba123) Importer(2089858483,192608db42251d675da83286b1cce702)
Start importing Assets/Kevin Iglesias/Human Animations/Unity Demo Scenes/Basic Motions Scene/Prefabs/Human_BasicMotionsDummy_M.prefab using Guid(bb96394e9629f20408ea23d3760ba123) Importer(2089858483,192608db42251d675da83286b1cce702) (ScriptedImporter) -> (artifact id: '9eebf0afd348a036f16b8dfc824b2cf6') in 0.0299139 seconds
Number of updated asset objects reloaded before import = 0Number of asset objects unloaded after import = 242

========================================================================
Received Import Request.
  Time since last request: 0.000048 seconds.
  path: Assets/Kevin Iglesias
  artifactKey: Guid(d07e22d99b2ef75459fb9a7b595d95c4) Importer(2089858483,192608db42251d675da83286b1cce702)
Start importing Assets/Kevin Iglesias using Guid(d07e22d99b2ef75459fb9a7b595d95c4) Importer(2089858483,192608db42251d675da83286b1cce702) (ScriptedImporter) -> (artifact id: '3b2b0c801b483bf0a1cfb845fbdc7f29') in 0.0178647 seconds
Number of updated asset objects reloaded before import = 0Number of asset objects unloaded after import = 1

========================================================================
Received Import Request.
  Time since last request: 0.000049 seconds.
  path: Assets/Kevin Iglesias/Human Base Meshes/Textures/HumanBaseMesh_Female-Normal.png
  artifactKey: Guid(21d8dec9f442e7c4a987cecf1d090c64) Importer(2089858483,192608db42251d675da83286b1cce702)
Start importing Assets/Kevin Iglesias/Human Base Meshes/Textures/HumanBaseMesh_Female-Normal.png using Guid(21d8dec9f442e7c4a987cecf1d090c64) Importer(2089858483,192608db42251d675da83286b1cce702) (ScriptedImporter) -> (artifact id: 'cabb30a8f85e7ce2e2e12e1f6a5ac2b9') in 0.0383405 seconds
Number of updated asset objects reloaded before import = 0Number of asset objects unloaded after import = 1

========================================================================
Received Import Request.
  Time since last request: 0.000029 seconds.
  path: Assets/Kevin Iglesias/Human Animations/Animations/Female/Movement/Walk/HumanF@Walk01_Forward.fbx
  artifactKey: Guid(d18c13a5b4b923244a524a76a303e61d) Importer(2089858483,192608db42251d675da83286b1cce702)
Start importing Assets/Kevin Iglesias/Human Animations/Animations/Female/Movement/Walk/HumanF@Walk01_Forward.fbx using Guid(d18c13a5b4b923244a524a76a303e61d) Importer(2089858483,192608db42251d675da83286b1cce702) (ScriptedImporter) -> (artifact id: '0342a03d9c86b7836c937ba0355e88ea') in 0.0374301 seconds
Number of updated asset objects reloaded before import = 0Number of asset objects unloaded after import = 120

========================================================================
Received Import Request.
  Time since last request: 0.000027 seconds.
  path: Assets/AIController.cs
  artifactKey: Guid(229ee29422f163c41a34b8f6a7c8673d) Importer(2089858483,192608db42251d675da83286b1cce702)
Start importing Assets/AIController.cs using Guid(229ee29422f163c41a34b8f6a7c8673d) Importer(2089858483,192608db42251d675da83286b1cce702) (ScriptedImporter) -> (artifact id: 'a597dc16dfff9ea8d3136e58aca1a086') in 0.0200006 seconds
Number of updated asset objects reloaded before import = 0Number of asset objects unloaded after import = 0

========================================================================
Received Import Request.
  Time since last request: 0.000044 seconds.
  path: Assets/Kevin Iglesias/Human Animations/Unity Demo Scenes/Basic Motions Scene/Materials/HumanBasicMotionsFloor.mat
  artifactKey: Guid(5066fedfee3f6d04a8c9931c4ca8bc3b) Importer(2089858483,192608db42251d675da83286b1cce702)
Start importing Assets/Kevin Iglesias/Human Animations/Unity Demo Scenes/Basic Motions Scene/Materials/HumanBasicMotionsFloor.mat using Guid(5066fedfee3f6d04a8c9931c4ca8bc3b) Importer(2089858483,192608db42251d675da83286b1cce702) (ScriptedImporter) -> (artifact id: '6c768606d95ce4c4fe3b2794c563d720') in 0.0212935 seconds
Number of updated asset objects reloaded before import = 0Number of asset objects unloaded after import = 1

========================================================================
Received Import Request.
  Time since last request: 0.000040 seconds.
  path: Assets/Kevin Iglesias/Human Animations/Animations/Female/Movement/Run/HumanF@Run01_Backward.fbx
  artifactKey: Guid(70e966b72f5352c4b90353c707fa37a8) Importer(2089858483,192608db42251d675da83286b1cce702)
Start importing Assets/Kevin Iglesias/Human Animations/Animations/Female/Movement/Run/HumanF@Run01_Backward.fbx using Guid(70e966b72f5352c4b90353c707fa37a8) Importer(2089858483,192608db42251d675da83286b1cce702) (ScriptedImporter) -> (artifact id: 'f1c44eeb2c9908a2f03e90640dd76966') in 0.0449682 seconds
Number of updated asset objects reloaded before import = 0Number of asset objects unloaded after import = 120

========================================================================
Received Import Request.
  Time since last request: 0.000046 seconds.
  path: Assets/Kevin Iglesias/Human Animations/Animations/Female/Movement/Run/HumanF@Run01_ForwardLeft.fbx
  artifactKey: Guid(fd77981efc8375b4e9b63e4fdc2d5578) Importer(2089858483,192608db42251d675da83286b1cce702)
Start importing Assets/Kevin Iglesias/Human Animations/Animations/Female/Movement/Run/HumanF@Run01_ForwardLeft.fbx using Guid(fd77981efc8375b4e9b63e4fdc2d5578) Importer(2089858483,192608db42251d675da83286b1cce702) (ScriptedImporter) -> (artifact id: '1b06f59ee130358384d1382b0d35a9e6') in 0.0398923 seconds
Number of updated asset objects reloaded before import = 0Number of asset objects unloaded after import = 120

========================================================================
Received Import Request.
  Time since last request: 0.000028 seconds.
  path: Assets/Kevin Iglesias/Human Animations/Animations/Female/Idles/HumanF@Idle02.fbx
  artifactKey: Guid(8c2952c969428f748be063e5768fa90a) Importer(2089858483,192608db42251d675da83286b1cce702)
Start importing Assets/Kevin Iglesias/Human Animations/Animations/Female/Idles/HumanF@Idle02.fbx using Guid(8c2952c969428f748be063e5768fa90a) Importer(2089858483,192608db42251d675da83286b1cce702) (ScriptedImporter) -> (artifact id: 'f97873d26c5738ad608b6b96aa356dc8') in 0.0695411 seconds
Number of updated asset objects reloaded before import = 0Number of asset objects unloaded after import = 120

========================================================================
Received Import Request.
  Time since last request: 0.000036 seconds.
  path: Assets/Kevin Iglesias/Human Animations/Unity Demo Scenes/Basic Motions Scene/Prefabs/Human_BasicMotionsDummy_F.prefab
  artifactKey: Guid(73e24cf6536bfef4b98ccd6eb529a5fd) Importer(2089858483,3d70f49cd1c2eb9ae422958d1c652c6b)
Start importing Assets/Kevin Iglesias/Human Animations/Unity Demo Scenes/Basic Motions Scene/Prefabs/Human_BasicMotionsDummy_F.prefab using Guid(73e24cf6536bfef4b98ccd6eb529a5fd) Importer(2089858483,3d70f49cd1c2eb9ae422958d1c652c6b) (ScriptedImporter) -> (artifact id: '4a468fa796fa650e259a9fc18c17ae0d') in 0.0586292 seconds
Number of updated asset objects reloaded before import = 0Number of asset objects unloaded after import = 241

========================================================================
Received Import Request.
  Time since last request: 0.000040 seconds.
  path: Assets/Alstra Infinite/Chests - PolyPack/Models/ChestV3.fbx
  artifactKey: Guid(721802e1fc935344ba69b92b6c2c4128) Importer(2089858483,192608db42251d675da83286b1cce702)
Start importing Assets/Alstra Infinite/Chests - PolyPack/Models/ChestV3.fbx using Guid(721802e1fc935344ba69b92b6c2c4128) Importer(2089858483,192608db42251d675da83286b1cce702) (ScriptedImporter) -> (artifact id: '65866a222325573f964080e94d3767f6') in 0.062674 seconds
Number of updated asset objects reloaded before import = 0Number of asset objects unloaded after import = 22

========================================================================
Received Import Request.
  Time since last request: 0.000071 seconds.
  path: Assets/Kevin Iglesias/Human Base Meshes/Models/HumanBaseMesh_Male.fbx
  artifactKey: Guid(c7116b6c825c8b845b17d603ecbe3177) Importer(2089858483,192608db42251d675da83286b1cce702)
Start importing Assets/Kevin Iglesias/Human Base Meshes/Models/HumanBaseMesh_Male.fbx using Guid(c7116b6c825c8b845b17d603ecbe3177) Importer(2089858483,192608db42251d675da83286b1cce702) (ScriptedImporter) -> (artifact id: '8e12f20b5857e9674d8400c659ca6f75') in 0.0764215 seconds
Number of updated asset objects reloaded before import = 0Number of asset objects unloaded after import = 150

========================================================================
Received Import Request.
  Time since last request: 0.000036 seconds.
  path: Assets/Kevin Iglesias/Human Animations/Animations/Female/Movement/Walk/HumanF@Walk01_Right.fbx
  artifactKey: Guid(1cb35aa1eecdc0a44a7574a2f50af956) Importer(2089858483,192608db42251d675da83286b1cce702)
Start importing Assets/Kevin Iglesias/Human Animations/Animations/Female/Movement/Walk/HumanF@Walk01_Right.fbx using Guid(1cb35aa1eecdc0a44a7574a2f50af956) Importer(2089858483,192608db42251d675da83286b1cce702) (ScriptedImporter) -> (artifact id: '65fa5353d2baee385aeba7071dfdb068') in 0.0464873 seconds
Number of updated asset objects reloaded before import = 0Number of asset objects unloaded after import = 120

========================================================================
Received Import Request.
  Time since last request: 0.000090 seconds.
  path: Assets/Kevin Iglesias/Human Animations/Animations
  artifactKey: Guid(efeb8c36a1723364392603dda24becb0) Importer(2089858483,192608db42251d675da83286b1cce702)
Start importing Assets/Kevin Iglesias/Human Animations/Animations using Guid(efeb8c36a1723364392603dda24becb0) Importer(2089858483,192608db42251d675da83286b1cce702) (ScriptedImporter) -> (artifact id: 'd660c958b8043538b2b40b355e784524') in 0.0200745 seconds
Number of updated asset objects reloaded before import = 0Number of asset objects unloaded after import = 1

========================================================================
Received Import Request.
  Time since last request: 0.000049 seconds.
  path: Assets/Kevin Iglesias/Human Animations/Animations/Male/Movement/Run/RootMotion/HumanM@Run01_Backward [RM].fbx
  artifactKey: Guid(43ef596f78225224cb7f83a461194e6c) Importer(2089858483,192608db42251d675da83286b1cce702)
Start importing Assets/Kevin Iglesias/Human Animations/Animations/Male/Movement/Run/RootMotion/HumanM@Run01_Backward [RM].fbx using Guid(43ef596f78225224cb7f83a461194e6c) Importer(2089858483,192608db42251d675da83286b1cce702) (ScriptedImporter) -> (artifact id: 'ea5e6b74f3bf2e28dabe35017fed2330') in 0.0707195 seconds
Number of updated asset objects reloaded before import = 0Number of asset objects unloaded after import = 118

========================================================================
Received Import Request.
  Time since last request: 0.000044 seconds.
  path: Assets/Alstra Infinite/Chests - PolyPack/Material
  artifactKey: Guid(798f9b144c20f624182de97082497583) Importer(2089858483,192608db42251d675da83286b1cce702)
Start importing Assets/Alstra Infinite/Chests - PolyPack/Material using Guid(798f9b144c20f624182de97082497583) Importer(2089858483,192608db42251d675da83286b1cce702) (ScriptedImporter) -> (artifact id: '5392e9b480b7483df21088894b4648f9') in 0.0350533 seconds
Number of updated asset objects reloaded before import = 0Number of asset objects unloaded after import = 1

========================================================================
Received Import Request.
  Time since last request: 0.000037 seconds.
  path: Assets/Kevin Iglesias/Human Base Meshes/Textures/DummyMale/HumanBaseMeshes_DummyMale-Metallic.png
  artifactKey: Guid(c61099d53b27d8b429782c5c76cdf4b4) Importer(2089858483,192608db42251d675da83286b1cce702)
Start importing Assets/Kevin Iglesias/Human Base Meshes/Textures/DummyMale/HumanBaseMeshes_DummyMale-Metallic.png using Guid(c61099d53b27d8b429782c5c76cdf4b4) Importer(2089858483,192608db42251d675da83286b1cce702) (ScriptedImporter) -> (artifact id: 'f868e9c195c17d2bea85b493e18d8d22') in 0.036536 seconds
Number of updated asset objects reloaded before import = 0Number of asset objects unloaded after import = 1

========================================================================
Received Import Request.
  Time since last request: 0.000055 seconds.
  path: Assets/Alstra Infinite/Chests - PolyPack/Prefabs/ChestV1.prefab
  artifactKey: Guid(07f9fbf665ac5474dbc0ac26d35d7c8c) Importer(2089858483,192608db42251d675da83286b1cce702)
Start importing Assets/Alstra Infinite/Chests - PolyPack/Prefabs/ChestV1.prefab using Guid(07f9fbf665ac5474dbc0ac26d35d7c8c) Importer(2089858483,192608db42251d675da83286b1cce702) (ScriptedImporter) -> (artifact id: '80a880777f1bd802173ade9b932d1a2f') in 0.0481387 seconds
Number of updated asset objects reloaded before import = 0Number of asset objects unloaded after import = 23

========================================================================
Received Import Request.
  Time since last request: 0.000034 seconds.
  path: Assets/Kevin Iglesias/Human Animations/Animations/Female/Movement/Sprint/RootMotion/HumanF@Sprint01_ForwardLeft [RM].fbx
  artifactKey: Guid(c630ab8c35758e2499b3809a483d58db) Importer(2089858483,192608db42251d675da83286b1cce702)
Start importing Assets/Kevin Iglesias/Human Animations/Animations/Female/Movement/Sprint/RootMotion/HumanF@Sprint01_ForwardLeft [RM].fbx using Guid(c630ab8c35758e2499b3809a483d58db) Importer(2089858483,192608db42251d675da83286b1cce702) (ScriptedImporter) -> (artifact id: 'a56e836e9e9f07a8365d70e0dda78ab9') in 0.0504579 seconds
Number of updated asset objects reloaded before import = 0Number of asset objects unloaded after import = 120

========================================================================
Received Import Request.
  Time since last request: 0.000027 seconds.
  path: Assets/Kevin Iglesias/Human Animations/Animations/Female/Movement/Run/HumanF@Run01_BackwardLeft.fbx
  artifactKey: Guid(07ee54d3cb33e3144af714cb662427ba) Importer(2089858483,192608db42251d675da83286b1cce702)
Start importing Assets/Kevin Iglesias/Human Animations/Animations/Female/Movement/Run/HumanF@Run01_BackwardLeft.fbx using Guid(07ee54d3cb33e3144af714cb662427ba) Importer(2089858483,192608db42251d675da83286b1cce702) (ScriptedImporter) -> (artifact id: '2af97e02288da0aeeba8bf2ae08e6a61') in 0.0385723 seconds
Number of updated asset objects reloaded before import = 0Number of asset objects unloaded after import = 120

========================================================================
Received Import Request.
  Time since last request: 0.000039 seconds.
  path: Assets/Alstra Infinite/Chests - PolyPack/Models/ChestV3_Lock.fbx
  artifactKey: Guid(eb5e2e1156f07f847894a7effa36f9f5) Importer(2089858483,192608db42251d675da83286b1cce702)
Start importing Assets/Alstra Infinite/Chests - PolyPack/Models/ChestV3_Lock.fbx using Guid(eb5e2e1156f07f847894a7effa36f9f5) Importer(2089858483,192608db42251d675da83286b1cce702) (ScriptedImporter) -> (artifact id: '00efb323080918efa7a899530ca807e8') in 0.0276617 seconds
Number of updated asset objects reloaded before import = 0Number of asset objects unloaded after import = 7

========================================================================
Received Import Request.
  Time since last request: 0.000040 seconds.
  path: Assets/Kevin Iglesias/Human Animations/Animations/Female/Movement/Sprint/RootMotion/HumanF@Sprint01_Forward [RM].fbx
  artifactKey: Guid(29f9b17ef50fbbf4cb8e686efa00a917) Importer(2089858483,192608db42251d675da83286b1cce702)
Start importing Assets/Kevin Iglesias/Human Animations/Animations/Female/Movement/Sprint/RootMotion/HumanF@Sprint01_Forward [RM].fbx using Guid(29f9b17ef50fbbf4cb8e686efa00a917) Importer(2089858483,192608db42251d675da83286b1cce702) (ScriptedImporter) -> (artifact id: '7618432cf5b0602a2a7f992631d49573') in 0.034141 seconds
Number of updated asset objects reloaded before import = 0Number of asset objects unloaded after import = 120

========================================================================
Received Import Request.
  Time since last request: 0.000029 seconds.
  path: Assets/Kevin Iglesias/Human Animations/Animations/Female/Movement/Run/RootMotion/HumanF@Run01_Forward [RM].fbx
  artifactKey: Guid(03bf1c96adac62b46a0e488a76375af9) Importer(2089858483,192608db42251d675da83286b1cce702)
Start importing Assets/Kevin Iglesias/Human Animations/Animations/Female/Movement/Run/RootMotion/HumanF@Run01_Forward [RM].fbx using Guid(03bf1c96adac62b46a0e488a76375af9) Importer(2089858483,192608db42251d675da83286b1cce702) (ScriptedImporter) -> (artifact id: '3d31c736b65f02d3e56dc815e3062224') in 0.0356916 seconds
Number of updated asset objects reloaded before import = 0Number of asset objects unloaded after import = 120

========================================================================
Received Import Request.
  Time since last request: 0.000026 seconds.
  path: Assets/Alstra Infinite/Chests - PolyPack/Scene/Model Showcase/ReflectionProbe-0.exr
  artifactKey: Guid(53a828d1e41c18341b69329f73aff6fe) Importer(2089858483,192608db42251d675da83286b1cce702)
Start importing Assets/Alstra Infinite/Chests - PolyPack/Scene/Model Showcase/ReflectionProbe-0.exr using Guid(53a828d1e41c18341b69329f73aff6fe) Importer(2089858483,192608db42251d675da83286b1cce702) (ScriptedImporter) -> (artifact id: '74ac161b25d6e0453eb9bbc730eb0ed2') in 0.0263725 seconds
Number of updated asset objects reloaded before import = 0Number of asset objects unloaded after import = 1

========================================================================
Received Import Request.
  Time since last request: 0.000031 seconds.
  path: Assets/Kevin Iglesias/Human Animations/Animations/Male/Movement/Run/HumanM@Run01_ForwardLeft.fbx
  artifactKey: Guid(2cf9d8d8892dea34ba74fdf44f864cff) Importer(2089858483,192608db42251d675da83286b1cce702)
Start importing Assets/Kevin Iglesias/Human Animations/Animations/Male/Movement/Run/HumanM@Run01_ForwardLeft.fbx using Guid(2cf9d8d8892dea34ba74fdf44f864cff) Importer(2089858483,192608db42251d675da83286b1cce702) (ScriptedImporter) -> (artifact id: '1325c60606cab080e68666ea2b704a74') in 0.0368892 seconds
Number of updated asset objects reloaded before import = 0Number of asset objects unloaded after import = 118

========================================================================
Received Import Request.
  Time since last request: 0.000042 seconds.
  path: Assets/Kevin Iglesias/Human Base Meshes/Prefabs/HumanBaseMesh_Female01.prefab
  artifactKey: Guid(88ef35fc526bede40839a6faa048aa67) Importer(2089858483,192608db42251d675da83286b1cce702)
Start importing Assets/Kevin Iglesias/Human Base Meshes/Prefabs/HumanBaseMesh_Female01.prefab using Guid(88ef35fc526bede40839a6faa048aa67) Importer(2089858483,192608db42251d675da83286b1cce702) (ScriptedImporter) -> (artifact id: '83289cda65240e269c73495b3422e9b6') in 0.0232636 seconds
Number of updated asset objects reloaded before import = 0Number of asset objects unloaded after import = 150

========================================================================
Received Import Request.
  Time since last request: 0.000024 seconds.
  path: Assets/Kevin Iglesias/Human Animations/Unity Demo Scenes/Basic Motions Scene/Animator Controllers/HumanF-Basic@Run.overrideController
  artifactKey: Guid(a75d7de8d6b60c3458d1d3d5bcc0ea7c) Importer(2089858483,192608db42251d675da83286b1cce702)
Start importing Assets/Kevin Iglesias/Human Animations/Unity Demo Scenes/Basic Motions Scene/Animator Controllers/HumanF-Basic@Run.overrideController using Guid(a75d7de8d6b60c3458d1d3d5bcc0ea7c) Importer(2089858483,192608db42251d675da83286b1cce702) (ScriptedImporter) -> (artifact id: 'f54bcdfd871864f61f3fb77d30c4360b') in 0.0203996 seconds
Number of updated asset objects reloaded before import = 0Number of asset objects unloaded after import = 6

========================================================================
Received Import Request.
  Time since last request: 0.000031 seconds.
  path: Assets/Kevin Iglesias/Human Animations/Animations/Female/Movement/Run/HumanF@Run01_Left.fbx
  artifactKey: Guid(5ac49e1c49a277d448a1583b73e57e67) Importer(2089858483,192608db42251d675da83286b1cce702)
Start importing Assets/Kevin Iglesias/Human Animations/Animations/Female/Movement/Run/HumanF@Run01_Left.fbx using Guid(5ac49e1c49a277d448a1583b73e57e67) Importer(2089858483,192608db42251d675da83286b1cce702) (ScriptedImporter) -> (artifact id: '0e699920cbc5c7484f0293c3b2fe1383') in 0.0420936 seconds
Number of updated asset objects reloaded before import = 0Number of asset objects unloaded after import = 120

========================================================================
Received Import Request.
  Time since last request: 0.000035 seconds.
  path: Assets/Kevin Iglesias/Human Animations/Unity Demo Scenes/Basic Motions Scene/Animator Controllers
  artifactKey: Guid(17f8fc7826aaf7340b3a2791ed7d4476) Importer(2089858483,192608db42251d675da83286b1cce702)
Start importing Assets/Kevin Iglesias/Human Animations/Unity Demo Scenes/Basic Motions Scene/Animator Controllers using Guid(17f8fc7826aaf7340b3a2791ed7d4476) Importer(2089858483,192608db42251d675da83286b1cce702) (ScriptedImporter) -> (artifact id: 'bcd7e3f19032b68c949dbcfe820b0177') in 0.0199751 seconds
Number of updated asset objects reloaded before import = 0Number of asset objects unloaded after import = 1

========================================================================
Received Import Request.
  Time since last request: 0.000033 seconds.
  path: Assets/Kevin Iglesias/Human Base Meshes/Prefabs/HumanBaseMesh_Male02.prefab
  artifactKey: Guid(147fd0d05b79ea44e92fa40164e8ba99) Importer(2089858483,192608db42251d675da83286b1cce702)
Start importing Assets/Kevin Iglesias/Human Base Meshes/Prefabs/HumanBaseMesh_Male02.prefab using Guid(147fd0d05b79ea44e92fa40164e8ba99) Importer(2089858483,192608db42251d675da83286b1cce702) (ScriptedImporter) -> (artifact id: 'a574a05bc30b68f9c5e3411a85c4ddcf') in 0.0327117 seconds
Number of updated asset objects reloaded before import = 0Number of asset objects unloaded after import = 150

========================================================================
Received Import Request.
  Time since last request: 0.000044 seconds.
  path: Assets/Kevin Iglesias/Human Animations/Animations/Male/Movement/Walk/HumanM@Walk01_Left.fbx
  artifactKey: Guid(ff44bb82f0146a74fb98ea1824cae44a) Importer(2089858483,192608db42251d675da83286b1cce702)
Start importing Assets/Kevin Iglesias/Human Animations/Animations/Male/Movement/Walk/HumanM@Walk01_Left.fbx using Guid(ff44bb82f0146a74fb98ea1824cae44a) Importer(2089858483,192608db42251d675da83286b1cce702) (ScriptedImporter) -> (artifact id: 'fb00bf65384f094490f5f62f7794a899') in 0.0377578 seconds
Number of updated asset objects reloaded before import = 0Number of asset objects unloaded after import = 118

========================================================================
Received Import Request.
  Time since last request: 0.000026 seconds.
  path: Assets/Kevin Iglesias/Human Animations/Animations/Female/Movement/Run/RootMotion/HumanF@Run01_BackwardLeft [RM].fbx
  artifactKey: Guid(e15c71122d372314a8d0a0850f2cb27d) Importer(2089858483,192608db42251d675da83286b1cce702)
Start importing Assets/Kevin Iglesias/Human Animations/Animations/Female/Movement/Run/RootMotion/HumanF@Run01_BackwardLeft [RM].fbx using Guid(e15c71122d372314a8d0a0850f2cb27d) Importer(2089858483,192608db42251d675da83286b1cce702) (ScriptedImporter) -> (artifact id: '6b18f16d8b5c525f291dd0fe46c34717') in 0.0547435 seconds
Number of updated asset objects reloaded before import = 0Number of asset objects unloaded after import = 120

========================================================================
Received Import Request.
  Time since last request: 0.000033 seconds.
  path: Assets/Kevin Iglesias/Human Animations/Animations/Male/Movement/Run/RootMotion/HumanM@Run01_BackwardRight [RM].fbx
  artifactKey: Guid(783ab4114902b6a40a73e98ae8eed6ee) Importer(2089858483,192608db42251d675da83286b1cce702)
Start importing Assets/Kevin Iglesias/Human Animations/Animations/Male/Movement/Run/RootMotion/HumanM@Run01_BackwardRight [RM].fbx using Guid(783ab4114902b6a40a73e98ae8eed6ee) Importer(2089858483,192608db42251d675da83286b1cce702) (ScriptedImporter) -> (artifact id: '7015102696fb96224599bfcbf546573a') in 0.1791953 seconds
Number of updated asset objects reloaded before import = 0Number of asset objects unloaded after import = 118

========================================================================
Received Import Request.
  Time since last request: 0.000039 seconds.
  path: Assets/Kevin Iglesias/Human Animations/Animations/Male/Movement/Walk/HumanM@Walk01_Backward.fbx
  artifactKey: Guid(cb46d61a31f3bb34395ab55c7580ebee) Importer(2089858483,192608db42251d675da83286b1cce702)
Start importing Assets/Kevin Iglesias/Human Animations/Animations/Male/Movement/Walk/HumanM@Walk01_Backward.fbx using Guid(cb46d61a31f3bb34395ab55c7580ebee) Importer(2089858483,192608db42251d675da83286b1cce702) (ScriptedImporter) -> (artifact id: '1923577a8c8938df0b774e479ce200dc') in 0.1263966 seconds
Number of updated asset objects reloaded before import = 0Number of asset objects unloaded after import = 118

========================================================================
Received Import Request.
  Time since last request: 0.000036 seconds.
  path: Assets/Kevin Iglesias/Human Animations/Unity Demo Scenes/Basic Motions Scene/Animator Controllers/HumanM-Basic@TurnL.controller
  artifactKey: Guid(bcc1edf296234584eaff8be75383c157) Importer(2089858483,192608db42251d675da83286b1cce702)
Start importing Assets/Kevin Iglesias/Human Animations/Unity Demo Scenes/Basic Motions Scene/Animator Controllers/HumanM-Basic@TurnL.controller using Guid(bcc1edf296234584eaff8be75383c157) Importer(2089858483,192608db42251d675da83286b1cce702) (ScriptedImporter) -> (artifact id: 'd6dab30d1dee6859ac568a21c9aa2a5e') in 0.0214393 seconds
Number of updated asset objects reloaded before import = 0Number of asset objects unloaded after import = 4

========================================================================
Received Import Request.
  Time since last request: 0.000036 seconds.
  path: Assets/Alstra Infinite/Chests - PolyPack/Models/ChestV1_Lock.fbx
  artifactKey: Guid(a4fc3c8b6b668134db3eb36ca69ba50c) Importer(2089858483,192608db42251d675da83286b1cce702)
Start importing Assets/Alstra Infinite/Chests - PolyPack/Models/ChestV1_Lock.fbx using Guid(a4fc3c8b6b668134db3eb36ca69ba50c) Importer(2089858483,192608db42251d675da83286b1cce702) (ScriptedImporter) -> (artifact id: '59ab044b55de39c85377bf50684a47df') in 0.0343867 seconds
Number of updated asset objects reloaded before import = 0Number of asset objects unloaded after import = 7

========================================================================
Received Import Request.
  Time since last request: 0.000024 seconds.
  path: Assets/Kevin Iglesias/Human Animations/Animations/Female/Movement/Walk/HumanF@Walk01_Left.fbx
  artifactKey: Guid(53ee308983da34a4d9eae29e5b8ebcf0) Importer(2089858483,192608db42251d675da83286b1cce702)
Start importing Assets/Kevin Iglesias/Human Animations/Animations/Female/Movement/Walk/HumanF@Walk01_Left.fbx using Guid(53ee308983da34a4d9eae29e5b8ebcf0) Importer(2089858483,192608db42251d675da83286b1cce702) (ScriptedImporter) -> (artifact id: 'ffb9ca77fb97a443e8fdf9e20d05fa41') in 0.0389067 seconds
Number of updated asset objects reloaded before import = 0Number of asset objects unloaded after import = 120

========================================================================
Received Import Request.
  Time since last request: 0.000030 seconds.
  path: Assets/Kevin Iglesias/Human Animations/Unity Demo Scenes/Basic Motions Scene/Animator Controllers/HumanF-Basic@Fall.overrideController
  artifactKey: Guid(ffe39840a23b2be48a721c28e538d3e8) Importer(2089858483,192608db42251d675da83286b1cce702)
Start importing Assets/Kevin Iglesias/Human Animations/Unity Demo Scenes/Basic Motions Scene/Animator Controllers/HumanF-Basic@Fall.overrideController using Guid(ffe39840a23b2be48a721c28e538d3e8) Importer(2089858483,192608db42251d675da83286b1cce702) (ScriptedImporter) -> (artifact id: '0d32ba9f26c661f5e3392ddc44af764a') in 0.0270238 seconds
Number of updated asset objects reloaded before import = 0Number of asset objects unloaded after import = 6

========================================================================
Received Import Request.
  Time since last request: 0.000034 seconds.
  path: Assets/Kevin Iglesias/Human Animations/Animations/Female/Social/Conversation/HumanF@Talk01.fbx
  artifactKey: Guid(ef7fc1c2505f93948addc245824a58b1) Importer(2089858483,192608db42251d675da83286b1cce702)
Start importing Assets/Kevin Iglesias/Human Animations/Animations/Female/Social/Conversation/HumanF@Talk01.fbx using Guid(ef7fc1c2505f93948addc245824a58b1) Importer(2089858483,192608db42251d675da83286b1cce702) (ScriptedImporter) -> (artifact id: '609b3b7da4c28b51eec2ef7a87c0fb1a') in 0.0380514 seconds
Number of updated asset objects reloaded before import = 0Number of asset objects unloaded after import = 120

Editor requested this worker to shutdown with reason: balancing worker count downwards
AssetImportWorker is now disconnected from the server
Process exiting
Exiting without the bug reporter. Application will terminate with return code 0