Using pre-set license
Built from '6000.0/staging' branch; Version is '6000.0.23f1 (1c4764c07fb4) revision 1853284'; Using compiler version '193933523'; Build Type 'Release'
OS: 'Windows 11  (10.0.26100) 64bit Professional' Language: 'pl' Physical Memory: 32648 MB
BatchMode: 1, IsHumanControllingUs: 0, StartBugReporterOnCrash: 0, Is64bit: 1, IsPro: 1

COMMAND LINE ARGUMENTS:
C:\Program Files\Unity\Hub\Editor\6000.0.23f1\Editor\Unity.exe
-adb2
-batchMode
-noUpm
-name
AssetImportWorker0
-projectPath
C:/Users/instal/Desktop/Szymon Kałuża/SI_Lab1_v2
-logFile
Logs/AssetImportWorker0.log
-srvPort
55682
-job-worker-count
7
-background-job-worker-count
8
-asset-garbage-collectors
1
Successfully changed project path to: C:/Users/instal/Desktop/Szymon Kałuża/SI_Lab1_v2
C:/Users/instal/Desktop/Szymon Kałuża/SI_Lab1_v2
[UnityMemory] Configuration Parameters - Can be set up in boot.config
    "memorysetup-bucket-allocator-granularity=16"
    "memorysetup-bucket-allocator-bucket-count=8"
    "memorysetup-bucket-allocator-block-size=33554432"
    "memorysetup-bucket-allocator-block-count=8"
    "memorysetup-main-allocator-block-size=16777216"
    "memorysetup-thread-allocator-block-size=16777216"
    "memorysetup-gfx-main-allocator-block-size=16777216"
    "memorysetup-gfx-thread-allocator-block-size=16777216"
    "memorysetup-cache-allocator-block-size=4194304"
    "memorysetup-typetree-allocator-block-size=2097152"
    "memorysetup-profiler-bucket-allocator-granularity=16"
    "memorysetup-profiler-bucket-allocator-bucket-count=8"
    "memorysetup-profiler-bucket-allocator-block-size=33554432"
    "memorysetup-profiler-bucket-allocator-block-count=8"
    "memorysetup-profiler-allocator-block-size=16777216"
    "memorysetup-profiler-editor-allocator-block-size=1048576"
    "memorysetup-temp-allocator-size-main=16777216"
    "memorysetup-job-temp-allocator-block-size=2097152"
    "memorysetup-job-temp-allocator-block-size-background=1048576"
    "memorysetup-job-temp-allocator-reduction-small-platforms=262144"
    "memorysetup-allocator-temp-initial-block-size-main=262144"
    "memorysetup-allocator-temp-initial-block-size-worker=262144"
    "memorysetup-temp-allocator-size-background-worker=32768"
    "memorysetup-temp-allocator-size-job-worker=262144"
    "memorysetup-temp-allocator-size-preload-manager=33554432"
    "memorysetup-temp-allocator-size-nav-mesh-worker=65536"
    "memorysetup-temp-allocator-size-audio-worker=65536"
    "memorysetup-temp-allocator-size-cloud-worker=32768"
    "memorysetup-temp-allocator-size-gi-baking-worker=262144"
    "memorysetup-temp-allocator-size-gi-baking-worker=262144"
    "memorysetup-temp-allocator-size-gi-baking-worker=262144"
    "memorysetup-temp-allocator-size-gi-baking-worker=262144"
    "memorysetup-temp-allocator-size-gi-baking-worker=262144"
    "memorysetup-temp-allocator-size-gfx=262144"
Player connection [26364]  Target information:

Player connection [26364]  * "[IP] 192.168.100.71 [Port] 0 [Flags] 2 [Guid] 2552011887 [EditorId] 2552011887 [Version] 1048832 [Id] WindowsEditor(7,306a7) [Debug] 1 [PackageName] WindowsEditor [ProjectName] Editor" 

Player connection [26364] Host joined multi-casting on [225.0.0.222:54997]...
Player connection [26364] Host joined alternative multi-casting on [225.0.0.222:34997]...
JobSystem: Creating JobQueue using job-worker-count value 7
[Physics::Module] Initialized fallback backend.
[Physics::Module] Id: 0xdecafbad
Library Redirect Path: Library/
[Physics::Module] Selected backend.
[Physics::Module] Name: PhysX
[Physics::Module] Id: 0xf2b8ea05
[Physics::Module] SDK Version: 4.1.2
[Physics::Module] Integration Version: 1.0.0
[Physics::Module] Threading Mode: Multi-Threaded
Refreshing native plugins compatible for Editor in 1.22 ms, found 3 plugins.
Preloading 0 native plugins for Editor in 0.00 ms.
Initialize engine version: 6000.0.23f1 (1c4764c07fb4)
[Subsystems] Discovering subsystems at path C:/Program Files/Unity/Hub/Editor/6000.0.23f1/Editor/Data/Resources/UnitySubsystems
[Subsystems] Discovering subsystems at path C:/Users/instal/Desktop/Szymon Kałuża/SI_Lab1_v2/Assets
GfxDevice: creating device client; kGfxThreadingModeNonThreaded
Direct3D:
    Version:  Direct3D 11.0 [level 11.1]
    Renderer: NVIDIA GeForce RTX 4060 Ti (ID=0x2803)
    Vendor:   NVIDIA
    VRAM:     7949 MB
    Driver:   32.0.15.6094
Initialize mono
Mono path[0] = 'C:/Program Files/Unity/Hub/Editor/6000.0.23f1/Editor/Data/Managed'
Mono path[1] = 'C:/Program Files/Unity/Hub/Editor/6000.0.23f1/Editor/Data/MonoBleedingEdge/lib/mono/unityjit-win32'
Mono config path = 'C:/Program Files/Unity/Hub/Editor/6000.0.23f1/Editor/Data/MonoBleedingEdge/etc'
Using monoOptions --debugger-agent=transport=dt_socket,embedding=1,server=y,suspend=n,address=127.0.0.1:56120
Begin MonoManager ReloadAssembly
Registering precompiled unity dll's ...
Register platform support module: C:/Program Files/Unity/Hub/Editor/6000.0.23f1/Editor/Data/PlaybackEngines/WindowsStandaloneSupport/UnityEditor.WindowsStandalone.Extensions.dll
Registered in 0.002043 seconds.
- Loaded All Assemblies, in  0.298 seconds
Native extension for WindowsStandalone target not found
Mono: successfully reloaded assembly
- Finished resetting the current domain, in  0.291 seconds
Domain Reload Profiling: 588ms
	BeginReloadAssembly (101ms)
		ExecutionOrderSort (0ms)
		DisableScriptedObjects (0ms)
		BackupInstance (0ms)
		ReleaseScriptingObjects (0ms)
		CreateAndSetChildDomain (1ms)
	RebuildCommonClasses (30ms)
	RebuildNativeTypeToScriptingClass (9ms)
	initialDomainReloadingComplete (39ms)
	LoadAllAssembliesAndSetupDomain (117ms)
		LoadAssemblies (99ms)
		RebuildTransferFunctionScriptingTraits (0ms)
		AnalyzeDomain (115ms)
			TypeCache.Refresh (114ms)
				TypeCache.ScanAssembly (104ms)
			BuildScriptInfoCaches (0ms)
			ResolveRequiredComponents (0ms)
	FinalizeReload (292ms)
		ReleaseScriptCaches (0ms)
		RebuildScriptCaches (0ms)
		SetupLoadedEditorAssemblies (254ms)
			LogAssemblyErrors (0ms)
			InitializePlatformSupportModulesInManaged (22ms)
			SetLoadedEditorAssemblies (4ms)
			BeforeProcessingInitializeOnLoad (5ms)
			ProcessInitializeOnLoadAttributes (170ms)
			ProcessInitializeOnLoadMethodAttributes (51ms)
			AfterProcessingInitializeOnLoad (2ms)
			EditorAssembliesLoaded (0ms)
		ExecutionOrderSort2 (0ms)
		AwakeInstancesAfterBackupRestoration (0ms)
========================================================================
Worker process is ready to serve import requests
Import Worker Mode flag is 0x00
Begin MonoManager ReloadAssembly
- Loaded All Assemblies, in  0.896 seconds
Refreshing native plugins compatible for Editor in 0.73 ms, found 3 plugins.
Native extension for WindowsStandalone target not found
Mono: successfully reloaded assembly
- Finished resetting the current domain, in  0.879 seconds
Domain Reload Profiling: 1771ms
	BeginReloadAssembly (384ms)
		ExecutionOrderSort (0ms)
		DisableScriptedObjects (6ms)
		BackupInstance (0ms)
		ReleaseScriptingObjects (0ms)
		CreateAndSetChildDomain (31ms)
	RebuildCommonClasses (29ms)
	RebuildNativeTypeToScriptingClass (9ms)
	initialDomainReloadingComplete (35ms)
	LoadAllAssembliesAndSetupDomain (435ms)
		LoadAssemblies (282ms)
		RebuildTransferFunctionScriptingTraits (0ms)
		AnalyzeDomain (236ms)
			TypeCache.Refresh (160ms)
				TypeCache.ScanAssembly (144ms)
			BuildScriptInfoCaches (64ms)
			ResolveRequiredComponents (10ms)
	FinalizeReload (879ms)
		ReleaseScriptCaches (0ms)
		RebuildScriptCaches (0ms)
		SetupLoadedEditorAssemblies (646ms)
			LogAssemblyErrors (0ms)
			InitializePlatformSupportModulesInManaged (2ms)
			SetLoadedEditorAssemblies (4ms)
			BeforeProcessingInitializeOnLoad (69ms)
			ProcessInitializeOnLoadAttributes (493ms)
			ProcessInitializeOnLoadMethodAttributes (71ms)
			AfterProcessingInitializeOnLoad (7ms)
			EditorAssembliesLoaded (0ms)
		ExecutionOrderSort2 (0ms)
		AwakeInstancesAfterBackupRestoration (6ms)
Launched and connected shader compiler UnityShaderCompiler.exe after 0.01 seconds
Refreshing native plugins compatible for Editor in 1.22 ms, found 3 plugins.
Preloading 0 native plugins for Editor in 0.00 ms.
Unloading 199 Unused Serialized files (Serialized files now loaded: 0)
Unloading 5929 unused Assets / (5.1 MB). Loaded Objects now: 6702.
Memory consumption went from 183.1 MB to 177.9 MB.
Total: 11.432700 ms (FindLiveObjects: 0.672300 ms CreateObjectMapping: 0.776900 ms MarkObjects: 6.873300 ms  DeleteObjects: 3.109000 ms)

========================================================================
Received Import Request.
  Time since last request: 616406.449798 seconds.
  path: Assets/New Terrain 1.asset
  artifactKey: Guid(d9852ead28986274bb70e30727fb561b) Importer(815301076,1909f56bfc062723c751e8b465ee728b)
Start importing Assets/New Terrain 1.asset using Guid(d9852ead28986274bb70e30727fb561b) Importer(815301076,1909f56bfc062723c751e8b465ee728b) (PreviewImporter) -> (artifact id: 'b7899f690ba6d2ccdd8b717c718e11c2') in 0.021281 seconds
Number of updated asset objects reloaded before import = 0Number of asset objects unloaded after import = 1

========================================================================
Received Import Request.
  Time since last request: 0.000016 seconds.
  path: Assets/Readme.asset
  artifactKey: Guid(8105016687592461f977c054a80ce2f2) Importer(815301076,1909f56bfc062723c751e8b465ee728b)
Start importing Assets/Readme.asset using Guid(8105016687592461f977c054a80ce2f2) Importer(815301076,1909f56bfc062723c751e8b465ee728b) (PreviewImporter) -> (artifact id: '50ea5ad2cda8720781b90d71f311d8d1') in 0.0035608 seconds
Number of updated asset objects reloaded before import = 0Number of asset objects unloaded after import = 2

========================================================================
Received Import Request.
  Time since last request: 7.359608 seconds.
  path: Assets/TutorialInfo
  artifactKey: Guid(ba062aa6c92b140379dbc06b43dd3b9b) Importer(815301076,1909f56bfc062723c751e8b465ee728b)
Start importing Assets/TutorialInfo using Guid(ba062aa6c92b140379dbc06b43dd3b9b) Importer(815301076,1909f56bfc062723c751e8b465ee728b) (PreviewImporter) -> (artifact id: 'bd0ce3b9fb2b0078fcd59af112aef3b6') in 0.0004711 seconds
Number of updated asset objects reloaded before import = 0Number of asset objects unloaded after import = 0

========================================================================
Received Import Request.
  Time since last request: 0.374919 seconds.
  path: Assets/Settings
  artifactKey: Guid(709f11a7f3c4041caa4ef136ea32d874) Importer(815301076,1909f56bfc062723c751e8b465ee728b)
Start importing Assets/Settings using Guid(709f11a7f3c4041caa4ef136ea32d874) Importer(815301076,1909f56bfc062723c751e8b465ee728b) (PreviewImporter) -> (artifact id: 'c4b47d252bc4e8d77fd6334abcf5e3e8') in 0.000442 seconds
Number of updated asset objects reloaded before import = 0Number of asset objects unloaded after import = 0

========================================================================
Received Import Request.
  Time since last request: 1.019745 seconds.
  path: Assets/Kevin Iglesias
  artifactKey: Guid(d07e22d99b2ef75459fb9a7b595d95c4) Importer(815301076,1909f56bfc062723c751e8b465ee728b)
Start importing Assets/Kevin Iglesias using Guid(d07e22d99b2ef75459fb9a7b595d95c4) Importer(815301076,1909f56bfc062723c751e8b465ee728b) (PreviewImporter) -> (artifact id: 'b49eda6489af8114acd34a2112ffcdea') in 0.0004385 seconds
Number of updated asset objects reloaded before import = 0Number of asset objects unloaded after import = 0

========================================================================
Received Import Request.
  Time since last request: 0.930561 seconds.
  path: Assets/Kevin Iglesias/Human Base Meshes
  artifactKey: Guid(0802959f40069384fa33fb896538ec71) Importer(815301076,1909f56bfc062723c751e8b465ee728b)
Start importing Assets/Kevin Iglesias/Human Base Meshes using Guid(0802959f40069384fa33fb896538ec71) Importer(815301076,1909f56bfc062723c751e8b465ee728b) (PreviewImporter) -> (artifact id: 'b393e49bc704c30600da4ee7c8655118') in 0.0005692 seconds
Number of updated asset objects reloaded before import = 0Number of asset objects unloaded after import = 0

========================================================================
Received Import Request.
  Time since last request: 1.425792 seconds.
  path: Assets/Kevin Iglesias/Human Base Meshes/Models
  artifactKey: Guid(f690ff2d0e222214593af60ff66bac81) Importer(815301076,1909f56bfc062723c751e8b465ee728b)
Start importing Assets/Kevin Iglesias/Human Base Meshes/Models using Guid(f690ff2d0e222214593af60ff66bac81) Importer(815301076,1909f56bfc062723c751e8b465ee728b) (PreviewImporter) -> (artifact id: '3c91ec45925f6b35bb0cf6c6ddc4000d') in 0.0004327 seconds
Number of updated asset objects reloaded before import = 0Number of asset objects unloaded after import = 0

========================================================================
Received Import Request.
  Time since last request: 0.039250 seconds.
  path: Assets/Kevin Iglesias/Human Base Meshes/Models/HumanBaseMesh_Female.fbx
  artifactKey: Guid(b4a78df37623594419bf022884020eeb) Importer(815301076,1909f56bfc062723c751e8b465ee728b)
Start importing Assets/Kevin Iglesias/Human Base Meshes/Models/HumanBaseMesh_Female.fbx using Guid(b4a78df37623594419bf022884020eeb) Importer(815301076,1909f56bfc062723c751e8b465ee728b) (PreviewImporter) -> (artifact id: '8dd0b9777ad88979f68ee9d9449793d3') in 3.1527705 seconds
Number of updated asset objects reloaded before import = 0Number of asset objects unloaded after import = 150

========================================================================
Received Import Request.
  Time since last request: 312.155769 seconds.
  path: Assets/Kevin Iglesias/Human Base Meshes/Textures/HumanBaseMesh_Female-AmbientOcclusion.png
  artifactKey: Guid(fb00ab2fe08228149913178d0b8e83d4) Importer(815301076,1909f56bfc062723c751e8b465ee728b)
Start importing Assets/Kevin Iglesias/Human Base Meshes/Textures/HumanBaseMesh_Female-AmbientOcclusion.png using Guid(fb00ab2fe08228149913178d0b8e83d4) Importer(815301076,1909f56bfc062723c751e8b465ee728b) (PreviewImporter) -> (artifact id: 'd62c3409d2c8c4af6212320d80bc7bc3') in 0.0287537 seconds
Number of updated asset objects reloaded before import = 0Number of asset objects unloaded after import = 2

========================================================================
Received Import Request.
  Time since last request: 0.000034 seconds.
  path: Assets/Kevin Iglesias/Human Base Meshes/Textures/DummyFemale/HumanBaseMeshes_DummyFemale-Normal.png
  artifactKey: Guid(e07921f27e4397846988f6c55d8f533c) Importer(815301076,1909f56bfc062723c751e8b465ee728b)
Start importing Assets/Kevin Iglesias/Human Base Meshes/Textures/DummyFemale/HumanBaseMeshes_DummyFemale-Normal.png using Guid(e07921f27e4397846988f6c55d8f533c) Importer(815301076,1909f56bfc062723c751e8b465ee728b) (PreviewImporter) -> (artifact id: '1469e73e3c278ee0ca8c8fb567913992') in 0.0240581 seconds
Number of updated asset objects reloaded before import = 0Number of asset objects unloaded after import = 2

========================================================================
Received Import Request.
  Time since last request: 0.000023 seconds.
  path: Assets/Kevin Iglesias/Human Base Meshes/Textures/HumanBaseMesh_Male-Normal.png
  artifactKey: Guid(ca7815ae45704b94596190acc6d8ec00) Importer(815301076,1909f56bfc062723c751e8b465ee728b)
Start importing Assets/Kevin Iglesias/Human Base Meshes/Textures/HumanBaseMesh_Male-Normal.png using Guid(ca7815ae45704b94596190acc6d8ec00) Importer(815301076,1909f56bfc062723c751e8b465ee728b) (PreviewImporter) -> (artifact id: '522bf3e622bdb9271ec771644a254aca') in 0.0473124 seconds
Number of updated asset objects reloaded before import = 0Number of asset objects unloaded after import = 2

========================================================================
Received Import Request.
  Time since last request: 0.000029 seconds.
  path: Assets/Kevin Iglesias/Human Base Meshes/Textures/DummyFemale/HumanBaseMeshes_DummyFemale-BaseColor.png
  artifactKey: Guid(59ee41accc0c9d54296c507889dc48a6) Importer(815301076,1909f56bfc062723c751e8b465ee728b)
Start importing Assets/Kevin Iglesias/Human Base Meshes/Textures/DummyFemale/HumanBaseMeshes_DummyFemale-BaseColor.png using Guid(59ee41accc0c9d54296c507889dc48a6) Importer(815301076,1909f56bfc062723c751e8b465ee728b) (PreviewImporter) -> (artifact id: '0f95a43bd2c19fc4a571eb12522d1331') in 0.0157215 seconds
Number of updated asset objects reloaded before import = 0Number of asset objects unloaded after import = 2

========================================================================
Received Import Request.
  Time since last request: 0.000023 seconds.
  path: Assets/Kevin Iglesias/Human Base Meshes/Textures/DummyFemale/HumanBaseMeshes_DummyFemale-AmbientOcclusion.png
  artifactKey: Guid(24ee4b04e19d9ab4587f21de222327aa) Importer(815301076,1909f56bfc062723c751e8b465ee728b)
Start importing Assets/Kevin Iglesias/Human Base Meshes/Textures/DummyFemale/HumanBaseMeshes_DummyFemale-AmbientOcclusion.png using Guid(24ee4b04e19d9ab4587f21de222327aa) Importer(815301076,1909f56bfc062723c751e8b465ee728b) (PreviewImporter) -> (artifact id: '7d4b602f85f372590eccb139312d39f6') in 0.026349 seconds
Number of updated asset objects reloaded before import = 0Number of asset objects unloaded after import = 2

========================================================================
Received Import Request.
  Time since last request: 2.443808 seconds.
  path: Assets/Kevin Iglesias/Human Base Meshes/Textures/DummyMale/HumanBaseMeshes_DummyMale-AmbientOcclusion.png
  artifactKey: Guid(c023f284774ef584da1c1ab718e3a660) Importer(815301076,1909f56bfc062723c751e8b465ee728b)
Start importing Assets/Kevin Iglesias/Human Base Meshes/Textures/DummyMale/HumanBaseMeshes_DummyMale-AmbientOcclusion.png using Guid(c023f284774ef584da1c1ab718e3a660) Importer(815301076,1909f56bfc062723c751e8b465ee728b) (PreviewImporter) -> (artifact id: '9494294eee8a09ffb5045757e7f513af') in 0.0158428 seconds
Number of updated asset objects reloaded before import = 0Number of asset objects unloaded after import = 2

========================================================================
Received Import Request.
  Time since last request: 0.221905 seconds.
  path: Assets/Kevin Iglesias/Human Base Meshes/Textures/DummyMale/HumanBaseMeshes_DummyMale-Metallic.png
  artifactKey: Guid(c61099d53b27d8b429782c5c76cdf4b4) Importer(815301076,1909f56bfc062723c751e8b465ee728b)
Start importing Assets/Kevin Iglesias/Human Base Meshes/Textures/DummyMale/HumanBaseMeshes_DummyMale-Metallic.png using Guid(c61099d53b27d8b429782c5c76cdf4b4) Importer(815301076,1909f56bfc062723c751e8b465ee728b) (PreviewImporter) -> (artifact id: '1bae6ac1e2a2eaad5a8c22c7b989ebb5') in 0.014464 seconds
Number of updated asset objects reloaded before import = 0Number of asset objects unloaded after import = 2

========================================================================
Received Import Request.
  Time since last request: 0.024065 seconds.
  path: Assets/TutorialInfo/Icons/URP.png
  artifactKey: Guid(727a75301c3d24613a3ebcec4a24c2c8) Importer(815301076,1909f56bfc062723c751e8b465ee728b)
Start importing Assets/TutorialInfo/Icons/URP.png using Guid(727a75301c3d24613a3ebcec4a24c2c8) Importer(815301076,1909f56bfc062723c751e8b465ee728b) (PreviewImporter) -> (artifact id: '2c4a1d7b74da7d19200b290fea87c6e7') in 0.0170475 seconds
Number of updated asset objects reloaded before import = 0Number of asset objects unloaded after import = 2

========================================================================
Received Prepare
Begin MonoManager ReloadAssembly
- Loaded All Assemblies, in  0.566 seconds
Refreshing native plugins compatible for Editor in 0.75 ms, found 3 plugins.
Native extension for WindowsStandalone target not found
Mono: successfully reloaded assembly
- Finished resetting the current domain, in  0.818 seconds
Domain Reload Profiling: 1385ms
	BeginReloadAssembly (183ms)
		ExecutionOrderSort (0ms)
		DisableScriptedObjects (17ms)
		BackupInstance (0ms)
		ReleaseScriptingObjects (0ms)
		CreateAndSetChildDomain (57ms)
	RebuildCommonClasses (28ms)
	RebuildNativeTypeToScriptingClass (9ms)
	initialDomainReloadingComplete (21ms)
	LoadAllAssembliesAndSetupDomain (325ms)
		LoadAssemblies (249ms)
		RebuildTransferFunctionScriptingTraits (0ms)
		AnalyzeDomain (150ms)
			TypeCache.Refresh (5ms)
				TypeCache.ScanAssembly (0ms)
			BuildScriptInfoCaches (132ms)
			ResolveRequiredComponents (9ms)
	FinalizeReload (819ms)
		ReleaseScriptCaches (0ms)
		RebuildScriptCaches (0ms)
		SetupLoadedEditorAssemblies (556ms)
			LogAssemblyErrors (0ms)
			InitializePlatformSupportModulesInManaged (2ms)
			SetLoadedEditorAssemblies (4ms)
			BeforeProcessingInitializeOnLoad (52ms)
			ProcessInitializeOnLoadAttributes (447ms)
			ProcessInitializeOnLoadMethodAttributes (45ms)
			AfterProcessingInitializeOnLoad (6ms)
			EditorAssembliesLoaded (0ms)
		ExecutionOrderSort2 (0ms)
		AwakeInstancesAfterBackupRestoration (11ms)
Refreshing native plugins compatible for Editor in 1.15 ms, found 3 plugins.
Preloading 0 native plugins for Editor in 0.00 ms.
Unloading 23 Unused Serialized files (Serialized files now loaded: 0)
Unloading 5928 unused Assets / (4.5 MB). Loaded Objects now: 6759.
Memory consumption went from 182.9 MB to 178.4 MB.
Total: 9.799400 ms (FindLiveObjects: 0.827100 ms CreateObjectMapping: 0.781900 ms MarkObjects: 5.417100 ms  DeleteObjects: 2.772500 ms)

Prepare: number of updated asset objects reloaded= 0
========================================================================
Received Prepare
Refreshing native plugins compatible for Editor in 1.06 ms, found 3 plugins.
Preloading 0 native plugins for Editor in 0.00 ms.
Unloading 13 Unused Serialized files (Serialized files now loaded: 0)
Unloading 5924 unused Assets / (4.0 MB). Loaded Objects now: 6763.
Memory consumption went from 181.2 MB to 177.2 MB.
Total: 10.730600 ms (FindLiveObjects: 0.692200 ms CreateObjectMapping: 0.881000 ms MarkObjects: 6.507500 ms  DeleteObjects: 2.648700 ms)

Prepare: number of updated asset objects reloaded= 0
========================================================================
Received Prepare
Begin MonoManager ReloadAssembly
- Loaded All Assemblies, in  0.591 seconds
Script 'Grid' has the same name as built-in Unity component.
AddComponent and GetComponent will not work with this script.
Refreshing native plugins compatible for Editor in 0.71 ms, found 3 plugins.
Native extension for WindowsStandalone target not found
Mono: successfully reloaded assembly
- Finished resetting the current domain, in  0.727 seconds
Domain Reload Profiling: 1319ms
	BeginReloadAssembly (171ms)
		ExecutionOrderSort (0ms)
		DisableScriptedObjects (8ms)
		BackupInstance (0ms)
		ReleaseScriptingObjects (0ms)
		CreateAndSetChildDomain (48ms)
	RebuildCommonClasses (30ms)
	RebuildNativeTypeToScriptingClass (9ms)
	initialDomainReloadingComplete (21ms)
	LoadAllAssembliesAndSetupDomain (360ms)
		LoadAssemblies (258ms)
		RebuildTransferFunctionScriptingTraits (0ms)
		AnalyzeDomain (178ms)
			TypeCache.Refresh (7ms)
				TypeCache.ScanAssembly (0ms)
			BuildScriptInfoCaches (158ms)
			ResolveRequiredComponents (9ms)
	FinalizeReload (728ms)
		ReleaseScriptCaches (0ms)
		RebuildScriptCaches (0ms)
		SetupLoadedEditorAssemblies (511ms)
			LogAssemblyErrors (0ms)
			InitializePlatformSupportModulesInManaged (3ms)
			SetLoadedEditorAssemblies (3ms)
			BeforeProcessingInitializeOnLoad (49ms)
			ProcessInitializeOnLoadAttributes (406ms)
			ProcessInitializeOnLoadMethodAttributes (44ms)
			AfterProcessingInitializeOnLoad (5ms)
			EditorAssembliesLoaded (0ms)
		ExecutionOrderSort2 (0ms)
		AwakeInstancesAfterBackupRestoration (9ms)
Refreshing native plugins compatible for Editor in 0.85 ms, found 3 plugins.
Preloading 0 native plugins for Editor in 0.00 ms.
Unloading 13 Unused Serialized files (Serialized files now loaded: 0)
Unloading 5931 unused Assets / (4.0 MB). Loaded Objects now: 6765.
Memory consumption went from 181.0 MB to 177.0 MB.
Total: 8.169200 ms (FindLiveObjects: 0.594400 ms CreateObjectMapping: 0.715600 ms MarkObjects: 4.958000 ms  DeleteObjects: 1.900700 ms)

Prepare: number of updated asset objects reloaded= 0
========================================================================
Received Import Request.
  Time since last request: 2061.856338 seconds.
  path: Assets/Kevin Iglesias/Human Base Meshes/Materials/HumanBaseMesh_Male.mat
  artifactKey: Guid(cd277cd493ecdaa4ba82a505c9ca67a3) Importer(815301076,1909f56bfc062723c751e8b465ee728b)
Start importing Assets/Kevin Iglesias/Human Base Meshes/Materials/HumanBaseMesh_Male.mat using Guid(cd277cd493ecdaa4ba82a505c9ca67a3) Importer(815301076,1909f56bfc062723c751e8b465ee728b) (PreviewImporter) -> (artifact id: 'e88da9c08487838d36862d8b53289cb1') in 0.4003033 seconds
Number of updated asset objects reloaded before import = 0Number of asset objects unloaded after import = 3

========================================================================
Received Import Request.
  Time since last request: 0.000043 seconds.
  path: Assets/Kevin Iglesias/Human Base Meshes/Materials/HumanBaseMeshes_DummyFemale.mat
  artifactKey: Guid(d1a0ea3c7322ac74a97cbaa6234a9940) Importer(815301076,1909f56bfc062723c751e8b465ee728b)
Start importing Assets/Kevin Iglesias/Human Base Meshes/Materials/HumanBaseMeshes_DummyFemale.mat using Guid(d1a0ea3c7322ac74a97cbaa6234a9940) Importer(815301076,1909f56bfc062723c751e8b465ee728b) (PreviewImporter) -> (artifact id: '2dab0c82b324eb6583427faa3746385e') in 0.0157192 seconds
Number of updated asset objects reloaded before import = 0Number of asset objects unloaded after import = 5

========================================================================
Received Import Request.
  Time since last request: 1.770465 seconds.
  path: Assets/Kevin Iglesias/Human Base Meshes/Prefabs/DummyModel_Male.prefab
  artifactKey: Guid(0be4e1c6b7e874042a041c429a847e87) Importer(815301076,1909f56bfc062723c751e8b465ee728b)
Start importing Assets/Kevin Iglesias/Human Base Meshes/Prefabs/DummyModel_Male.prefab using Guid(0be4e1c6b7e874042a041c429a847e87) Importer(815301076,1909f56bfc062723c751e8b465ee728b) (PreviewImporter) -> (artifact id: '55d84a47e9da1e598ef2db0e55e7a21b') in 0.0407442 seconds
Number of updated asset objects reloaded before import = 0Number of asset objects unloaded after import = 158

========================================================================
Received Import Request.
  Time since last request: 0.000021 seconds.
  path: Assets/Kevin Iglesias/Human Base Meshes/Prefabs/HumanBaseMesh_Female02.prefab
  artifactKey: Guid(0379d78c71d2c1f4f8bdb0fbe6869a6c) Importer(815301076,1909f56bfc062723c751e8b465ee728b)
Start importing Assets/Kevin Iglesias/Human Base Meshes/Prefabs/HumanBaseMesh_Female02.prefab using Guid(0379d78c71d2c1f4f8bdb0fbe6869a6c) Importer(815301076,1909f56bfc062723c751e8b465ee728b) (PreviewImporter) -> (artifact id: '789b49e214abc0fc12a0acfe6172ecb6') in 0.0283289 seconds
Number of updated asset objects reloaded before import = 0Number of asset objects unloaded after import = 158

========================================================================
Received Import Request.
  Time since last request: 0.000024 seconds.
  path: Assets/Kevin Iglesias/Human Base Meshes/Prefabs/HumanBaseMesh_Female01.prefab
  artifactKey: Guid(88ef35fc526bede40839a6faa048aa67) Importer(815301076,1909f56bfc062723c751e8b465ee728b)
Start importing Assets/Kevin Iglesias/Human Base Meshes/Prefabs/HumanBaseMesh_Female01.prefab using Guid(88ef35fc526bede40839a6faa048aa67) Importer(815301076,1909f56bfc062723c751e8b465ee728b) (PreviewImporter) -> (artifact id: '3e13c29c1c8f89e9004a4d56c5741590') in 0.0227822 seconds
Number of updated asset objects reloaded before import = 0Number of asset objects unloaded after import = 158

========================================================================
Received Import Request.
  Time since last request: 51.830354 seconds.
  path: Assets/Kevin Iglesias/Human Animations/Animations/Male/Movement/HumanM@Jump01 [RM].fbx
  artifactKey: Guid(b0464a78fb8d2f34ca8c7b09bf4f08c6) Importer(815301076,1909f56bfc062723c751e8b465ee728b)
Start importing Assets/Kevin Iglesias/Human Animations/Animations/Male/Movement/HumanM@Jump01 [RM].fbx using Guid(b0464a78fb8d2f34ca8c7b09bf4f08c6) Importer(815301076,1909f56bfc062723c751e8b465ee728b) (PreviewImporter) -> (artifact id: '3e9b39d4c432181222ca9ee6e89b4fe7') in 0.0043136 seconds
Number of updated asset objects reloaded before import = 0Number of asset objects unloaded after import = 117

========================================================================
Received Import Request.
  Time since last request: 28.732662 seconds.
  path: Assets/Kevin Iglesias/Human Animations/Animations/Male/Idles/HumanM@Idle02.fbx
  artifactKey: Guid(9508ccae6dd32b54cb61bd81eda00380) Importer(815301076,1909f56bfc062723c751e8b465ee728b)
Start importing Assets/Kevin Iglesias/Human Animations/Animations/Male/Idles/HumanM@Idle02.fbx using Guid(9508ccae6dd32b54cb61bd81eda00380) Importer(815301076,1909f56bfc062723c751e8b465ee728b) (PreviewImporter) -> (artifact id: 'e03103cf81a86813389406c7548d97ca') in 0.0038254 seconds
Number of updated asset objects reloaded before import = 0Number of asset objects unloaded after import = 117

========================================================================
Received Prepare
Begin MonoManager ReloadAssembly
- Loaded All Assemblies, in  0.638 seconds
Script 'Grid' has the same name as built-in Unity component.
AddComponent and GetComponent will not work with this script.
Refreshing native plugins compatible for Editor in 1.05 ms, found 3 plugins.
Assertion failed on expression: 'pred(*previous, *i)'
Assertion failed on expression: 'pred(*previous, *i)'
Native extension for WindowsStandalone target not found
Mono: successfully reloaded assembly
- Finished resetting the current domain, in  0.893 seconds
Domain Reload Profiling: 1531ms
	BeginReloadAssembly (203ms)
		ExecutionOrderSort (0ms)
		DisableScriptedObjects (19ms)
		BackupInstance (0ms)
		ReleaseScriptingObjects (0ms)
		CreateAndSetChildDomain (68ms)
	RebuildCommonClasses (35ms)
	RebuildNativeTypeToScriptingClass (12ms)
	initialDomainReloadingComplete (21ms)
	LoadAllAssembliesAndSetupDomain (367ms)
		LoadAssemblies (261ms)
		RebuildTransferFunctionScriptingTraits (0ms)
		AnalyzeDomain (184ms)
			TypeCache.Refresh (6ms)
				TypeCache.ScanAssembly (0ms)
			BuildScriptInfoCaches (164ms)
			ResolveRequiredComponents (10ms)
	FinalizeReload (893ms)
		ReleaseScriptCaches (0ms)
		RebuildScriptCaches (0ms)
		SetupLoadedEditorAssemblies (631ms)
			LogAssemblyErrors (0ms)
			InitializePlatformSupportModulesInManaged (2ms)
			SetLoadedEditorAssemblies (4ms)
			BeforeProcessingInitializeOnLoad (69ms)
			ProcessInitializeOnLoadAttributes (493ms)
			ProcessInitializeOnLoadMethodAttributes (56ms)
			AfterProcessingInitializeOnLoad (8ms)
			EditorAssembliesLoaded (0ms)
		ExecutionOrderSort2 (0ms)
		AwakeInstancesAfterBackupRestoration (12ms)
Refreshing native plugins compatible for Editor in 1.43 ms, found 3 plugins.
Preloading 0 native plugins for Editor in 0.00 ms.
Unloading 13 Unused Serialized files (Serialized files now loaded: 0)
Unloading 5933 unused Assets / (4.2 MB). Loaded Objects now: 6821.
Memory consumption went from 186.7 MB to 182.5 MB.
Total: 13.150400 ms (FindLiveObjects: 0.811200 ms CreateObjectMapping: 1.241900 ms MarkObjects: 8.131700 ms  DeleteObjects: 2.964600 ms)

Prepare: number of updated asset objects reloaded= 0
========================================================================
Received Prepare
Begin MonoManager ReloadAssembly
- Loaded All Assemblies, in  0.575 seconds
Script 'Grid' has the same name as built-in Unity component.
AddComponent and GetComponent will not work with this script.
Refreshing native plugins compatible for Editor in 0.82 ms, found 3 plugins.
Assertion failed on expression: 'pred(*previous, *i)'
Assertion failed on expression: 'pred(*previous, *i)'
Native extension for WindowsStandalone target not found
Mono: successfully reloaded assembly
- Finished resetting the current domain, in  0.861 seconds
Domain Reload Profiling: 1436ms
	BeginReloadAssembly (163ms)
		ExecutionOrderSort (0ms)
		DisableScriptedObjects (5ms)
		BackupInstance (0ms)
		ReleaseScriptingObjects (0ms)
		CreateAndSetChildDomain (46ms)
	RebuildCommonClasses (28ms)
	RebuildNativeTypeToScriptingClass (9ms)
	initialDomainReloadingComplete (22ms)
	LoadAllAssembliesAndSetupDomain (352ms)
		LoadAssemblies (260ms)
		RebuildTransferFunctionScriptingTraits (0ms)
		AnalyzeDomain (167ms)
			TypeCache.Refresh (5ms)
				TypeCache.ScanAssembly (0ms)
			BuildScriptInfoCaches (149ms)
			ResolveRequiredComponents (10ms)
	FinalizeReload (862ms)
		ReleaseScriptCaches (0ms)
		RebuildScriptCaches (0ms)
		SetupLoadedEditorAssemblies (607ms)
			LogAssemblyErrors (0ms)
			InitializePlatformSupportModulesInManaged (2ms)
			SetLoadedEditorAssemblies (3ms)
			BeforeProcessingInitializeOnLoad (55ms)
			ProcessInitializeOnLoadAttributes (487ms)
			ProcessInitializeOnLoadMethodAttributes (51ms)
			AfterProcessingInitializeOnLoad (8ms)
			EditorAssembliesLoaded (0ms)
		ExecutionOrderSort2 (0ms)
		AwakeInstancesAfterBackupRestoration (14ms)
Refreshing native plugins compatible for Editor in 1.19 ms, found 3 plugins.
Preloading 0 native plugins for Editor in 0.00 ms.
Unloading 13 Unused Serialized files (Serialized files now loaded: 0)
Unloading 5931 unused Assets / (4.2 MB). Loaded Objects now: 6823.
Memory consumption went from 186.6 MB to 182.4 MB.
Total: 9.513500 ms (FindLiveObjects: 0.631800 ms CreateObjectMapping: 0.756600 ms MarkObjects: 5.696000 ms  DeleteObjects: 2.428400 ms)

Prepare: number of updated asset objects reloaded= 0
========================================================================
Received Import Request.
  Time since last request: 302.580330 seconds.
  path: Assets/Alstra Infinite/Chests - PolyPack/Models/ChestV1_Lock.fbx
  artifactKey: Guid(a4fc3c8b6b668134db3eb36ca69ba50c) Importer(815301076,1909f56bfc062723c751e8b465ee728b)
Start importing Assets/Alstra Infinite/Chests - PolyPack/Models/ChestV1_Lock.fbx using Guid(a4fc3c8b6b668134db3eb36ca69ba50c) Importer(815301076,1909f56bfc062723c751e8b465ee728b) (PreviewImporter) -> (artifact id: 'a5922a6235064e630a9181c01e071f23') in 0.4429196 seconds
Number of updated asset objects reloaded before import = 0Number of asset objects unloaded after import = 9

========================================================================
Received Import Request.
  Time since last request: 0.000032 seconds.
  path: Assets/Alstra Infinite/Chests - PolyPack/Models/ChestV2_Loot.fbx
  artifactKey: Guid(84990dc33e3ccb9429f54aaee7be7fb1) Importer(815301076,1909f56bfc062723c751e8b465ee728b)
Start importing Assets/Alstra Infinite/Chests - PolyPack/Models/ChestV2_Loot.fbx using Guid(84990dc33e3ccb9429f54aaee7be7fb1) Importer(815301076,1909f56bfc062723c751e8b465ee728b) (PreviewImporter) -> (artifact id: '6dec8585cdf2165b259bc794e67442d7') in 0.0186137 seconds
Number of updated asset objects reloaded before import = 0Number of asset objects unloaded after import = 9

========================================================================
Received Import Request.
  Time since last request: 0.000034 seconds.
  path: Assets/Alstra Infinite/Chests - PolyPack/Models/ChestV1_Loot.fbx
  artifactKey: Guid(12d2ddc52aac3954c8c610dafa11fc63) Importer(815301076,1909f56bfc062723c751e8b465ee728b)
Start importing Assets/Alstra Infinite/Chests - PolyPack/Models/ChestV1_Loot.fbx using Guid(12d2ddc52aac3954c8c610dafa11fc63) Importer(815301076,1909f56bfc062723c751e8b465ee728b) (PreviewImporter) -> (artifact id: '6369242958fa5a45dd220c286364cd62') in 0.0218486 seconds
Number of updated asset objects reloaded before import = 0Number of asset objects unloaded after import = 9

========================================================================
Received Import Request.
  Time since last request: 0.000035 seconds.
  path: Assets/Alstra Infinite/Chests - PolyPack/Models/ChestV3_Loot.fbx
  artifactKey: Guid(b35e0eec39f29f64790afc0ce1d03366) Importer(815301076,1909f56bfc062723c751e8b465ee728b)
Start importing Assets/Alstra Infinite/Chests - PolyPack/Models/ChestV3_Loot.fbx using Guid(b35e0eec39f29f64790afc0ce1d03366) Importer(815301076,1909f56bfc062723c751e8b465ee728b) (PreviewImporter) -> (artifact id: '0ae665b402254090abed489cb8e3a686') in 0.0178727 seconds
Number of updated asset objects reloaded before import = 0Number of asset objects unloaded after import = 9

========================================================================
Received Import Request.
  Time since last request: 0.000026 seconds.
  path: Assets/Alstra Infinite/Chests - PolyPack/Models/ChestV3_Lock.fbx
  artifactKey: Guid(eb5e2e1156f07f847894a7effa36f9f5) Importer(815301076,1909f56bfc062723c751e8b465ee728b)
Start importing Assets/Alstra Infinite/Chests - PolyPack/Models/ChestV3_Lock.fbx using Guid(eb5e2e1156f07f847894a7effa36f9f5) Importer(815301076,1909f56bfc062723c751e8b465ee728b) (PreviewImporter) -> (artifact id: '2a059550a055f954af4c69f452d7c7b5') in 0.0221153 seconds
Number of updated asset objects reloaded before import = 0Number of asset objects unloaded after import = 9

========================================================================
Received Import Request.
  Time since last request: 56.937831 seconds.
  path: Assets/New Terrain 2.asset
  artifactKey: Guid(5564c8e7056fe3b4b89c55658f815180) Importer(2089858483,3d70f49cd1c2eb9ae422958d1c652c6b)
Start importing Assets/New Terrain 2.asset using Guid(5564c8e7056fe3b4b89c55658f815180) Importer(2089858483,3d70f49cd1c2eb9ae422958d1c652c6b) (ScriptedImporter) -> (artifact id: '7dff96c0df7e1e044c04c1dad75b9072') in 0.2429651 seconds
Number of updated asset objects reloaded before import = 0Number of asset objects unloaded after import = 0

========================================================================
Received Import Request.
  Time since last request: 0.000069 seconds.
  path: Assets/Alstra Infinite/Chests - PolyPack/Prefabs/ChestV2_Lock.prefab
  artifactKey: Guid(c4d86f11f67665140ae812ecb6d01187) Importer(2089858483,3d70f49cd1c2eb9ae422958d1c652c6b)
Start importing Assets/Alstra Infinite/Chests - PolyPack/Prefabs/ChestV2_Lock.prefab using Guid(c4d86f11f67665140ae812ecb6d01187) Importer(2089858483,3d70f49cd1c2eb9ae422958d1c652c6b) (ScriptedImporter) -> (artifact id: 'd446251fb7c4c465bdaf3c997f24339b') in 0.029178 seconds
Number of updated asset objects reloaded before import = 0Number of asset objects unloaded after import = 9

========================================================================
Received Import Request.
  Time since last request: 0.000042 seconds.
  path: Assets/Alstra Infinite/Chests - PolyPack/Scene/Model Showcase/LightingData.asset
  artifactKey: Guid(8c0dbf145d380d14ea3354d7c66d0f83) Importer(2089858483,3d70f49cd1c2eb9ae422958d1c652c6b)
Start importing Assets/Alstra Infinite/Chests - PolyPack/Scene/Model Showcase/LightingData.asset using Guid(8c0dbf145d380d14ea3354d7c66d0f83) Importer(2089858483,3d70f49cd1c2eb9ae422958d1c652c6b) (ScriptedImporter) -> (artifact id: 'b56baee910b586de3b779e47628446e8') in 0.0228806 seconds
Number of updated asset objects reloaded before import = 0Number of asset objects unloaded after import = 1

========================================================================
Received Import Request.
  Time since last request: 0.000035 seconds.
  path: Assets/Scenes/SampleScene.unity
  artifactKey: Guid(99c9720ab356a0642a771bea13969a05) Importer(2089858483,3d70f49cd1c2eb9ae422958d1c652c6b)
Start importing Assets/Scenes/SampleScene.unity using Guid(99c9720ab356a0642a771bea13969a05) Importer(2089858483,3d70f49cd1c2eb9ae422958d1c652c6b) (ScriptedImporter)Opening scene 'Assets/Scenes/SampleScene.unity additively'
Loaded scene 'Assets/Scenes/SampleScene.unity'
	Deserialize:            6.311 ms
	Integration:            43.785 ms
	Integration of assets:  0.014 ms
	Thread Wait Time:       1.224 ms
	Total Operation Time:   51.334 ms
 -> (artifact id: '04d28fb36a397fa99ab49a36abdeeb18') in 0.1215545 seconds
Number of updated asset objects reloaded before import = 0Number of asset objects unloaded after import = 179

========================================================================
Received Import Request.
  Time since last request: 0.000036 seconds.
  path: Assets/Kevin Iglesias/Human Base Meshes/Prefabs
  artifactKey: Guid(1116b4484786c494bb95a4ea25d028ac) Importer(2089858483,192608db42251d675da83286b1cce702)
Start importing Assets/Kevin Iglesias/Human Base Meshes/Prefabs using Guid(1116b4484786c494bb95a4ea25d028ac) Importer(2089858483,192608db42251d675da83286b1cce702) (ScriptedImporter) -> (artifact id: '02bbbdf9636bef6f29629a5f96de987a') in 0.017943 seconds
Number of updated asset objects reloaded before import = 0Number of asset objects unloaded after import = 1

========================================================================
Received Import Request.
  Time since last request: 0.000048 seconds.
  path: Assets/Kevin Iglesias/Human Animations/Animations/Male/Movement/Sprint/RootMotion/HumanM@Sprint01_ForwardLeft [RM].fbx
  artifactKey: Guid(5cb42faa270a0e44a869bf1204fdf95b) Importer(2089858483,192608db42251d675da83286b1cce702)
Start importing Assets/Kevin Iglesias/Human Animations/Animations/Male/Movement/Sprint/RootMotion/HumanM@Sprint01_ForwardLeft [RM].fbx using Guid(5cb42faa270a0e44a869bf1204fdf95b) Importer(2089858483,192608db42251d675da83286b1cce702) (ScriptedImporter) -> (artifact id: 'adbc48016f7dd2610b8ecee4ce31ab12') in 0.0716573 seconds
Number of updated asset objects reloaded before import = 0Number of asset objects unloaded after import = 118

========================================================================
Received Import Request.
  Time since last request: 0.000036 seconds.
  path: Assets/Kevin Iglesias/Human Base Meshes/Models/HumanBaseMesh_Female.fbx
  artifactKey: Guid(b4a78df37623594419bf022884020eeb) Importer(2089858483,192608db42251d675da83286b1cce702)
Start importing Assets/Kevin Iglesias/Human Base Meshes/Models/HumanBaseMesh_Female.fbx using Guid(b4a78df37623594419bf022884020eeb) Importer(2089858483,192608db42251d675da83286b1cce702) (ScriptedImporter) -> (artifact id: '18e13b1041705387cffa10680ce44961') in 0.1365164 seconds
Number of updated asset objects reloaded before import = 0Number of asset objects unloaded after import = 150

========================================================================
Received Import Request.
  Time since last request: 0.000047 seconds.
  path: Assets/Kevin Iglesias/Human Animations/Unity Demo Scenes/Basic Motions Scene/Prefabs/Human_BasicMotionsDummy_M.prefab
  artifactKey: Guid(bb96394e9629f20408ea23d3760ba123) Importer(2089858483,3d70f49cd1c2eb9ae422958d1c652c6b)
Start importing Assets/Kevin Iglesias/Human Animations/Unity Demo Scenes/Basic Motions Scene/Prefabs/Human_BasicMotionsDummy_M.prefab using Guid(bb96394e9629f20408ea23d3760ba123) Importer(2089858483,3d70f49cd1c2eb9ae422958d1c652c6b) (ScriptedImporter) -> (artifact id: 'b8b4e2994fa328d7610ad4b2be887330') in 0.0592771 seconds
Number of updated asset objects reloaded before import = 0Number of asset objects unloaded after import = 241

========================================================================
Received Import Request.
  Time since last request: 0.000055 seconds.
  path: Assets/Kevin Iglesias/Human Animations/Animations/Male/Movement/Run/RootMotion/HumanM@Run01_Left [RM].fbx
  artifactKey: Guid(3188e42eb0ee6584a8bd6854f755d63a) Importer(2089858483,192608db42251d675da83286b1cce702)
Start importing Assets/Kevin Iglesias/Human Animations/Animations/Male/Movement/Run/RootMotion/HumanM@Run01_Left [RM].fbx using Guid(3188e42eb0ee6584a8bd6854f755d63a) Importer(2089858483,192608db42251d675da83286b1cce702) (ScriptedImporter) -> (artifact id: 'cd1e2a7d1e51d10cfc76cde85c14cf38') in 0.0685865 seconds
Number of updated asset objects reloaded before import = 0Number of asset objects unloaded after import = 118

========================================================================
Received Import Request.
  Time since last request: 0.000038 seconds.
  path: Assets/Kevin Iglesias/Human Animations/Animations/Female/Movement/HumanF@Fall01.fbx
  artifactKey: Guid(282cde1477c9b9043b439d1e6f3fde0c) Importer(2089858483,192608db42251d675da83286b1cce702)
Start importing Assets/Kevin Iglesias/Human Animations/Animations/Female/Movement/HumanF@Fall01.fbx using Guid(282cde1477c9b9043b439d1e6f3fde0c) Importer(2089858483,192608db42251d675da83286b1cce702) (ScriptedImporter) -> (artifact id: 'b781d51db7ae624d518b72a59a00ba72') in 0.0364715 seconds
Number of updated asset objects reloaded before import = 0Number of asset objects unloaded after import = 120

========================================================================
Received Import Request.
  Time since last request: 0.000039 seconds.
  path: Assets/Kevin Iglesias/Human Animations/Animations/Female/Movement/Sprint/RootMotion
  artifactKey: Guid(bcdb509f068fd7542b32d60ce2a04255) Importer(2089858483,192608db42251d675da83286b1cce702)
Start importing Assets/Kevin Iglesias/Human Animations/Animations/Female/Movement/Sprint/RootMotion using Guid(bcdb509f068fd7542b32d60ce2a04255) Importer(2089858483,192608db42251d675da83286b1cce702) (ScriptedImporter) -> (artifact id: '46f3f89f09a2cee58ea44936f0a0c98e') in 0.0162478 seconds
Number of updated asset objects reloaded before import = 0Number of asset objects unloaded after import = 1

========================================================================
Received Import Request.
  Time since last request: 0.000037 seconds.
  path: Assets/Kevin Iglesias/Human Base Meshes/Prefabs/DummyModel_Male.prefab
  artifactKey: Guid(0be4e1c6b7e874042a041c429a847e87) Importer(2089858483,192608db42251d675da83286b1cce702)
Start importing Assets/Kevin Iglesias/Human Base Meshes/Prefabs/DummyModel_Male.prefab using Guid(0be4e1c6b7e874042a041c429a847e87) Importer(2089858483,192608db42251d675da83286b1cce702) (ScriptedImporter) -> (artifact id: 'ffabd3278b80c2ab22da0aafbfa2a7e1') in 0.0348608 seconds
Number of updated asset objects reloaded before import = 0Number of asset objects unloaded after import = 150

========================================================================
Received Import Request.
  Time since last request: 0.000039 seconds.
  path: Assets/Kevin Iglesias/Human Animations/Animations/Female/Movement/Walk
  artifactKey: Guid(a5b8c8c03688b754fab4e02d675f18cb) Importer(2089858483,192608db42251d675da83286b1cce702)
Start importing Assets/Kevin Iglesias/Human Animations/Animations/Female/Movement/Walk using Guid(a5b8c8c03688b754fab4e02d675f18cb) Importer(2089858483,192608db42251d675da83286b1cce702) (ScriptedImporter) -> (artifact id: '3a202bba4a31ecd6d887d050f1439117') in 0.0190527 seconds
Number of updated asset objects reloaded before import = 0Number of asset objects unloaded after import = 1

========================================================================
Received Import Request.
  Time since last request: 0.000030 seconds.
  path: Assets/Kevin Iglesias/Human Animations/Animations/Female/Movement/Turn/HumanF@Turn01_Right.fbx
  artifactKey: Guid(0a075ce90ba78e14f9555bc27537182e) Importer(2089858483,192608db42251d675da83286b1cce702)
Start importing Assets/Kevin Iglesias/Human Animations/Animations/Female/Movement/Turn/HumanF@Turn01_Right.fbx using Guid(0a075ce90ba78e14f9555bc27537182e) Importer(2089858483,192608db42251d675da83286b1cce702) (ScriptedImporter) -> (artifact id: 'bf31591032117a01336454cd7e024004') in 0.036864 seconds
Number of updated asset objects reloaded before import = 0Number of asset objects unloaded after import = 120

========================================================================
Received Import Request.
  Time since last request: 0.000030 seconds.
  path: Assets/Scenes/SampleScene
  artifactKey: Guid(5263a72770291be48a0b6d3198fdb75a) Importer(2089858483,192608db42251d675da83286b1cce702)
Start importing Assets/Scenes/SampleScene using Guid(5263a72770291be48a0b6d3198fdb75a) Importer(2089858483,192608db42251d675da83286b1cce702) (ScriptedImporter) -> (artifact id: 'fea795b43c89e634686d955cd73ca508') in 0.0191899 seconds
Number of updated asset objects reloaded before import = 0Number of asset objects unloaded after import = 1

========================================================================
Received Import Request.
  Time since last request: 0.000031 seconds.
  path: Assets/Kevin Iglesias/Human Animations/Unity Demo Scenes/Basic Motions Scene/Basic Motions Demo Scene.unity
  artifactKey: Guid(cc778ff8e7d7b874d9ef5cf06279e322) Importer(2089858483,3d70f49cd1c2eb9ae422958d1c652c6b)
Start importing Assets/Kevin Iglesias/Human Animations/Unity Demo Scenes/Basic Motions Scene/Basic Motions Demo Scene.unity using Guid(cc778ff8e7d7b874d9ef5cf06279e322) Importer(2089858483,3d70f49cd1c2eb9ae422958d1c652c6b) (ScriptedImporter)Opening scene 'Assets/Kevin Iglesias/Human Animations/Unity Demo Scenes/Basic Motions Scene/Basic Motions Demo Scene.unity additively'
Loaded scene 'Assets/Kevin Iglesias/Human Animations/Unity Demo Scenes/Basic Motions Scene/Basic Motions Demo Scene.unity'
	Deserialize:            7.933 ms
	Integration:            61.189 ms
	Integration of assets:  0.005 ms
	Thread Wait Time:       0.011 ms
	Total Operation Time:   69.138 ms
 -> (artifact id: '45579b5acf0708667651a0b2320f5436') in 1.844395 seconds
Number of updated asset objects reloaded before import = 0Number of asset objects unloaded after import = 551

========================================================================
Received Import Request.
  Time since last request: 0.000066 seconds.
  path: Assets/Kevin Iglesias/Human Animations/Animations/Male
  artifactKey: Guid(f2c0bdf39740723408c784517a995932) Importer(2089858483,192608db42251d675da83286b1cce702)
Start importing Assets/Kevin Iglesias/Human Animations/Animations/Male using Guid(f2c0bdf39740723408c784517a995932) Importer(2089858483,192608db42251d675da83286b1cce702) (ScriptedImporter) -> (artifact id: 'e15e525350f8ae239470a7b7ea85a105') in 0.0219577 seconds
Number of updated asset objects reloaded before import = 0Number of asset objects unloaded after import = 1

========================================================================
Received Import Request.
  Time since last request: 0.000051 seconds.
  path: Assets/Kevin Iglesias/Human Animations/Animations/Male/Movement/Run/RootMotion/HumanM@Run01_BackwardLeft [RM].fbx
  artifactKey: Guid(c61cb4bd125007e4a83393ff033e4689) Importer(2089858483,192608db42251d675da83286b1cce702)
Start importing Assets/Kevin Iglesias/Human Animations/Animations/Male/Movement/Run/RootMotion/HumanM@Run01_BackwardLeft [RM].fbx using Guid(c61cb4bd125007e4a83393ff033e4689) Importer(2089858483,192608db42251d675da83286b1cce702) (ScriptedImporter) -> (artifact id: '6116b0baa248bf040d1dbf4243f18612') in 0.0521388 seconds
Number of updated asset objects reloaded before import = 0Number of asset objects unloaded after import = 118

========================================================================
Received Import Request.
  Time since last request: 0.000043 seconds.
  path: Assets/Kevin Iglesias/Human Animations/Animations/Male/Movement/Sprint/HumanM@Sprint01_ForwardLeft.fbx
  artifactKey: Guid(f6072704b2acecd4d8a9b6559a996b83) Importer(2089858483,192608db42251d675da83286b1cce702)
Start importing Assets/Kevin Iglesias/Human Animations/Animations/Male/Movement/Sprint/HumanM@Sprint01_ForwardLeft.fbx using Guid(f6072704b2acecd4d8a9b6559a996b83) Importer(2089858483,192608db42251d675da83286b1cce702) (ScriptedImporter) -> (artifact id: 'ef4b5e30d5383d370c9d5b7dbaf68e40') in 0.0373046 seconds
Number of updated asset objects reloaded before import = 0Number of asset objects unloaded after import = 118

========================================================================
Received Import Request.
  Time since last request: 0.000044 seconds.
  path: Assets/Kevin Iglesias/Human Animations/Animations/Male/Movement/Run/HumanM@Run01_Right.fbx
  artifactKey: Guid(bf1ae9d142e46c44f9f84cb41f729eab) Importer(2089858483,192608db42251d675da83286b1cce702)
Start importing Assets/Kevin Iglesias/Human Animations/Animations/Male/Movement/Run/HumanM@Run01_Right.fbx using Guid(bf1ae9d142e46c44f9f84cb41f729eab) Importer(2089858483,192608db42251d675da83286b1cce702) (ScriptedImporter) -> (artifact id: 'a5f54308d36ef68072dcc8b960247477') in 0.0388838 seconds
Number of updated asset objects reloaded before import = 0Number of asset objects unloaded after import = 118

========================================================================
Received Import Request.
  Time since last request: 0.000037 seconds.
  path: Assets/Kevin Iglesias/Human Animations/Animations/Female/Movement/HumanF@Jump01 [RM].fbx
  artifactKey: Guid(fc2bbc9eb3f0e0f428219f9491de972b) Importer(2089858483,192608db42251d675da83286b1cce702)
Start importing Assets/Kevin Iglesias/Human Animations/Animations/Female/Movement/HumanF@Jump01 [RM].fbx using Guid(fc2bbc9eb3f0e0f428219f9491de972b) Importer(2089858483,192608db42251d675da83286b1cce702) (ScriptedImporter) -> (artifact id: 'd1a54bdd22e4c190fa2df6da821d2850') in 0.0360571 seconds
Number of updated asset objects reloaded before import = 0Number of asset objects unloaded after import = 120

========================================================================
Received Import Request.
  Time since last request: 0.000050 seconds.
  path: Assets/Alstra Infinite/Chests - PolyPack/Texture
  artifactKey: Guid(940fe6a0f5c43144795b24828654d329) Importer(2089858483,192608db42251d675da83286b1cce702)
Start importing Assets/Alstra Infinite/Chests - PolyPack/Texture using Guid(940fe6a0f5c43144795b24828654d329) Importer(2089858483,192608db42251d675da83286b1cce702) (ScriptedImporter) -> (artifact id: '0c3280faefb2ef88a01c74881a3516f5') in 0.0253105 seconds
Number of updated asset objects reloaded before import = 0Number of asset objects unloaded after import = 1

========================================================================
Received Import Request.
  Time since last request: 0.000045 seconds.
  path: Assets/Kevin Iglesias/Human Animations/Unity Demo Scenes/Basic Motions Scene
  artifactKey: Guid(c88eb6ce85fdaec4d888ec5047a2f5a6) Importer(2089858483,192608db42251d675da83286b1cce702)
Start importing Assets/Kevin Iglesias/Human Animations/Unity Demo Scenes/Basic Motions Scene using Guid(c88eb6ce85fdaec4d888ec5047a2f5a6) Importer(2089858483,192608db42251d675da83286b1cce702) (ScriptedImporter) -> (artifact id: '478129993d4bafb1ac97e6e63c9b3446') in 0.0185 seconds
Number of updated asset objects reloaded before import = 0Number of asset objects unloaded after import = 1

========================================================================
Received Import Request.
  Time since last request: 0.000040 seconds.
  path: Assets/Settings/PC_RPAsset.asset
  artifactKey: Guid(4b83569d67af61e458304325a23e5dfd) Importer(2089858483,3d70f49cd1c2eb9ae422958d1c652c6b)
Start importing Assets/Settings/PC_RPAsset.asset using Guid(4b83569d67af61e458304325a23e5dfd) Importer(2089858483,3d70f49cd1c2eb9ae422958d1c652c6b) (ScriptedImporter) -> (artifact id: 'e432fe5249bcf3acb60b5afc477d9344') in 0.0208803 seconds
Number of updated asset objects reloaded before import = 0Number of asset objects unloaded after import = 0

========================================================================
Received Import Request.
  Time since last request: 0.000036 seconds.
  path: Assets/Kevin Iglesias/Human Base Meshes/Prefabs/HumanBaseMesh_Male01.prefab
  artifactKey: Guid(1b2f0b19b195e33478c3e4ac1cd90f17) Importer(2089858483,3d70f49cd1c2eb9ae422958d1c652c6b)
Start importing Assets/Kevin Iglesias/Human Base Meshes/Prefabs/HumanBaseMesh_Male01.prefab using Guid(1b2f0b19b195e33478c3e4ac1cd90f17) Importer(2089858483,3d70f49cd1c2eb9ae422958d1c652c6b) (ScriptedImporter) -> (artifact id: '98d6255d46151fe590c6da43c93d9c4f') in 0.0547255 seconds
Number of updated asset objects reloaded before import = 0Number of asset objects unloaded after import = 151

========================================================================
Received Import Request.
  Time since last request: 0.000101 seconds.
  path: Assets/Kevin Iglesias/Human Animations/Animations/Male/Idles/HumanM@Idle01-Idle02.fbx
  artifactKey: Guid(02f82df7d301d274883b41f32dca59a0) Importer(2089858483,192608db42251d675da83286b1cce702)
Start importing Assets/Kevin Iglesias/Human Animations/Animations/Male/Idles/HumanM@Idle01-Idle02.fbx using Guid(02f82df7d301d274883b41f32dca59a0) Importer(2089858483,192608db42251d675da83286b1cce702) (ScriptedImporter) -> (artifact id: '42b00bed9d632e4c2a6166a447c25283') in 0.064113 seconds
Number of updated asset objects reloaded before import = 0Number of asset objects unloaded after import = 118

========================================================================
Received Import Request.
  Time since last request: 0.000063 seconds.
  path: Assets/Alstra Infinite/Chests - PolyPack/Prefabs
  artifactKey: Guid(70027af3f222b4748aff04fa81ee9db0) Importer(2089858483,192608db42251d675da83286b1cce702)
Start importing Assets/Alstra Infinite/Chests - PolyPack/Prefabs using Guid(70027af3f222b4748aff04fa81ee9db0) Importer(2089858483,192608db42251d675da83286b1cce702) (ScriptedImporter) -> (artifact id: '0a564dbad776237ff0414bdeca896451') in 0.0270195 seconds
Number of updated asset objects reloaded before import = 0Number of asset objects unloaded after import = 1

========================================================================
Received Import Request.
  Time since last request: 0.000114 seconds.
  path: Assets/Alstra Infinite/Chests - PolyPack/Prefabs/ChestV2.prefab
  artifactKey: Guid(a4e34a86eb69d034aa2fe30ec63d10d5) Importer(2089858483,192608db42251d675da83286b1cce702)
Start importing Assets/Alstra Infinite/Chests - PolyPack/Prefabs/ChestV2.prefab using Guid(a4e34a86eb69d034aa2fe30ec63d10d5) Importer(2089858483,192608db42251d675da83286b1cce702) (ScriptedImporter) -> (artifact id: '3f2bf840f59cb7df1dfc840b99adc41c') in 0.0575542 seconds
Number of updated asset objects reloaded before import = 0Number of asset objects unloaded after import = 23

========================================================================
Received Import Request.
  Time since last request: 0.000051 seconds.
  path: Assets/Kevin Iglesias/Human Animations/Animations/Female/Movement/Run/HumanF@Run01_Forward.fbx
  artifactKey: Guid(05ab35d27bb28ad49bc9c2b098b821ae) Importer(2089858483,192608db42251d675da83286b1cce702)
Start importing Assets/Kevin Iglesias/Human Animations/Animations/Female/Movement/Run/HumanF@Run01_Forward.fbx using Guid(05ab35d27bb28ad49bc9c2b098b821ae) Importer(2089858483,192608db42251d675da83286b1cce702) (ScriptedImporter) -> (artifact id: '5a33e64d7762cebfca35f116a80104e5') in 0.0637752 seconds
Number of updated asset objects reloaded before import = 0Number of asset objects unloaded after import = 120

========================================================================
Received Import Request.
  Time since last request: 0.000044 seconds.
  path: Assets/Kevin Iglesias/Human Animations/Animations/Female/Movement/Walk/RootMotion/HumanF@Walk01_BackwardLeft [RM].fbx
  artifactKey: Guid(32a22e7e9a5ca8347bd2c192ab3af821) Importer(2089858483,192608db42251d675da83286b1cce702)
Start importing Assets/Kevin Iglesias/Human Animations/Animations/Female/Movement/Walk/RootMotion/HumanF@Walk01_BackwardLeft [RM].fbx using Guid(32a22e7e9a5ca8347bd2c192ab3af821) Importer(2089858483,192608db42251d675da83286b1cce702) (ScriptedImporter) -> (artifact id: 'ec60559ea574f1f206e017891c92b87a') in 0.0453033 seconds
Number of updated asset objects reloaded before import = 0Number of asset objects unloaded after import = 120

========================================================================
Received Import Request.
  Time since last request: 0.000047 seconds.
  path: Assets/Kevin Iglesias/Human Animations/Animations/Female/Movement/Walk/RootMotion/HumanF@Walk01_Right [RM].fbx
  artifactKey: Guid(6db4b1026ab60f8408ec34bbf311f777) Importer(2089858483,192608db42251d675da83286b1cce702)
Start importing Assets/Kevin Iglesias/Human Animations/Animations/Female/Movement/Walk/RootMotion/HumanF@Walk01_Right [RM].fbx using Guid(6db4b1026ab60f8408ec34bbf311f777) Importer(2089858483,192608db42251d675da83286b1cce702) (ScriptedImporter) -> (artifact id: '029a3eb1dd7f59ad3a1960c91cc36ac5') in 0.0351401 seconds
Number of updated asset objects reloaded before import = 0Number of asset objects unloaded after import = 120

========================================================================
Received Import Request.
  Time since last request: 0.000034 seconds.
  path: Assets/Kevin Iglesias/Human Animations/Unity Demo Scenes/Basic Motions Scene/Animator Controllers/HumanM-Basic@Run.controller
  artifactKey: Guid(e25ec4aa3ea1d5f478cc87f75ee1dea9) Importer(2089858483,192608db42251d675da83286b1cce702)
Start importing Assets/Kevin Iglesias/Human Animations/Unity Demo Scenes/Basic Motions Scene/Animator Controllers/HumanM-Basic@Run.controller using Guid(e25ec4aa3ea1d5f478cc87f75ee1dea9) Importer(2089858483,192608db42251d675da83286b1cce702) (ScriptedImporter) -> (artifact id: '9be293d7ea2da07bb32fac6db88bd88b') in 0.0181072 seconds
Number of updated asset objects reloaded before import = 0Number of asset objects unloaded after import = 4

========================================================================
Received Import Request.
  Time since last request: 0.000031 seconds.
  path: Assets/Kevin Iglesias/Human Base Meshes/Materials/HumanBaseMeshesShader.shader
  artifactKey: Guid(ab2641b73c6f49c4abde5f18108f002b) Importer(2089858483,192608db42251d675da83286b1cce702)
Start importing Assets/Kevin Iglesias/Human Base Meshes/Materials/HumanBaseMeshesShader.shader using Guid(ab2641b73c6f49c4abde5f18108f002b) Importer(2089858483,192608db42251d675da83286b1cce702) (ScriptedImporter) -> (artifact id: '089aff3078084ebfe894c568f665c7c2') in 0.0257832 seconds
Number of updated asset objects reloaded before import = 0Number of asset objects unloaded after import = 1

========================================================================
Received Import Request.
  Time since last request: 0.000035 seconds.
  path: Assets/Kevin Iglesias/Human Animations/Animations/Male/Movement/Turn/HumanM@Turn01_Right [RM].fbx
  artifactKey: Guid(04a8218d40d89874a8ba9bfc00ec8037) Importer(2089858483,192608db42251d675da83286b1cce702)
Start importing Assets/Kevin Iglesias/Human Animations/Animations/Male/Movement/Turn/HumanM@Turn01_Right [RM].fbx using Guid(04a8218d40d89874a8ba9bfc00ec8037) Importer(2089858483,192608db42251d675da83286b1cce702) (ScriptedImporter) -> (artifact id: 'b052b51e8447beb445bb5f76a781a78f') in 0.0339679 seconds
Number of updated asset objects reloaded before import = 0Number of asset objects unloaded after import = 118

========================================================================
Received Import Request.
  Time since last request: 0.000033 seconds.
  path: Assets/Alstra Infinite/Chests - PolyPack/Prefabs/ChestV2_Lock.prefab
  artifactKey: Guid(c4d86f11f67665140ae812ecb6d01187) Importer(2089858483,192608db42251d675da83286b1cce702)
Start importing Assets/Alstra Infinite/Chests - PolyPack/Prefabs/ChestV2_Lock.prefab using Guid(c4d86f11f67665140ae812ecb6d01187) Importer(2089858483,192608db42251d675da83286b1cce702) (ScriptedImporter) -> (artifact id: '6a452c52ef0713de71c059520508e6fb') in 0.0236327 seconds
Number of updated asset objects reloaded before import = 0Number of asset objects unloaded after import = 8

========================================================================
Received Import Request.
  Time since last request: 0.000050 seconds.
  path: Assets/Kevin Iglesias/Human Animations/Animations/Male/Movement/Walk/RootMotion/HumanM@Walk01_Forward [RM].fbx
  artifactKey: Guid(45f47d2e897173a469caef4a1da768dd) Importer(2089858483,192608db42251d675da83286b1cce702)
Start importing Assets/Kevin Iglesias/Human Animations/Animations/Male/Movement/Walk/RootMotion/HumanM@Walk01_Forward [RM].fbx using Guid(45f47d2e897173a469caef4a1da768dd) Importer(2089858483,192608db42251d675da83286b1cce702) (ScriptedImporter) -> (artifact id: '82537bd0eaeaae6d79cf79ef851a9e19') in 0.0370675 seconds
Number of updated asset objects reloaded before import = 0Number of asset objects unloaded after import = 118

========================================================================
Received Import Request.
  Time since last request: 0.000034 seconds.
  path: Assets/Kevin Iglesias/Human Animations/Animations/Male/Movement/Walk/HumanM@Walk01_Forward.fbx
  artifactKey: Guid(012fd8b7e910f804caadf295d5d45e2f) Importer(2089858483,192608db42251d675da83286b1cce702)
Start importing Assets/Kevin Iglesias/Human Animations/Animations/Male/Movement/Walk/HumanM@Walk01_Forward.fbx using Guid(012fd8b7e910f804caadf295d5d45e2f) Importer(2089858483,192608db42251d675da83286b1cce702) (ScriptedImporter) -> (artifact id: '6e3dc0cbcb4af95ea838b5ef463f3297') in 0.0337012 seconds
Number of updated asset objects reloaded before import = 0Number of asset objects unloaded after import = 118

========================================================================
Received Import Request.
  Time since last request: 0.000039 seconds.
  path: Assets/Kevin Iglesias/Human Animations/Animations/Male/Movement/Walk/RootMotion/HumanM@Walk01_Right [RM].fbx
  artifactKey: Guid(64ee24dd49e72b049812dace66fc223f) Importer(2089858483,192608db42251d675da83286b1cce702)
Start importing Assets/Kevin Iglesias/Human Animations/Animations/Male/Movement/Walk/RootMotion/HumanM@Walk01_Right [RM].fbx using Guid(64ee24dd49e72b049812dace66fc223f) Importer(2089858483,192608db42251d675da83286b1cce702) (ScriptedImporter) -> (artifact id: 'b9ae70f431f5cf5bfadd4367df2a9876') in 0.0335986 seconds
Number of updated asset objects reloaded before import = 0Number of asset objects unloaded after import = 118

========================================================================
Received Import Request.
  Time since last request: 0.000038 seconds.
  path: Assets/Kevin Iglesias/Human Base Meshes/Textures/DummyFemale/HumanBaseMeshes_DummyFemale-Normal.png
  artifactKey: Guid(e07921f27e4397846988f6c55d8f533c) Importer(2089858483,192608db42251d675da83286b1cce702)
Start importing Assets/Kevin Iglesias/Human Base Meshes/Textures/DummyFemale/HumanBaseMeshes_DummyFemale-Normal.png using Guid(e07921f27e4397846988f6c55d8f533c) Importer(2089858483,192608db42251d675da83286b1cce702) (ScriptedImporter) -> (artifact id: '7d2f13ddb45e35410b21d211f3fc1b68') in 0.0669329 seconds
Number of updated asset objects reloaded before import = 0Number of asset objects unloaded after import = 1

========================================================================
Received Import Request.
  Time since last request: 0.000044 seconds.
  path: Assets/Kevin Iglesias/Human Animations/Animations/Female/Movement/Walk/HumanF@Walk01_ForwardRight.fbx
  artifactKey: Guid(387b197aeb151d64686b217c74607f6d) Importer(2089858483,192608db42251d675da83286b1cce702)
Start importing Assets/Kevin Iglesias/Human Animations/Animations/Female/Movement/Walk/HumanF@Walk01_ForwardRight.fbx using Guid(387b197aeb151d64686b217c74607f6d) Importer(2089858483,192608db42251d675da83286b1cce702) (ScriptedImporter) -> (artifact id: '81a80f1d9017d180abc205078257a4f3') in 0.0347355 seconds
Number of updated asset objects reloaded before import = 0Number of asset objects unloaded after import = 120

========================================================================
Received Import Request.
  Time since last request: 0.000028 seconds.
  path: Assets/Kevin Iglesias/Human Animations/Animations/Male/Movement/Walk/RootMotion/HumanM@Walk01_BackwardLeft [RM].fbx
  artifactKey: Guid(04dbe06c53dc3b246bc83f0803e3b71d) Importer(2089858483,192608db42251d675da83286b1cce702)
Start importing Assets/Kevin Iglesias/Human Animations/Animations/Male/Movement/Walk/RootMotion/HumanM@Walk01_BackwardLeft [RM].fbx using Guid(04dbe06c53dc3b246bc83f0803e3b71d) Importer(2089858483,192608db42251d675da83286b1cce702) (ScriptedImporter) -> (artifact id: '36156075feabf8516cd93eed3e21d92f') in 0.0379006 seconds
Number of updated asset objects reloaded before import = 0Number of asset objects unloaded after import = 118

========================================================================
Received Import Request.
  Time since last request: 0.000033 seconds.
  path: Assets/Alstra Infinite/Chests - PolyPack/Models/ChestV3_Loot.fbx
  artifactKey: Guid(b35e0eec39f29f64790afc0ce1d03366) Importer(2089858483,192608db42251d675da83286b1cce702)
Start importing Assets/Alstra Infinite/Chests - PolyPack/Models/ChestV3_Loot.fbx using Guid(b35e0eec39f29f64790afc0ce1d03366) Importer(2089858483,192608db42251d675da83286b1cce702) (ScriptedImporter) -> (artifact id: '72e2daec427902d051955da40226c841') in 0.0324936 seconds
Number of updated asset objects reloaded before import = 0Number of asset objects unloaded after import = 7

========================================================================
Received Import Request.
  Time since last request: 0.000035 seconds.
  path: Assets/Alstra Infinite/Chests - PolyPack/Prefabs/ChestV1_Loot.prefab
  artifactKey: Guid(117d1a029960d594f96bae9acdb46e33) Importer(2089858483,192608db42251d675da83286b1cce702)
Start importing Assets/Alstra Infinite/Chests - PolyPack/Prefabs/ChestV1_Loot.prefab using Guid(117d1a029960d594f96bae9acdb46e33) Importer(2089858483,192608db42251d675da83286b1cce702) (ScriptedImporter) -> (artifact id: '5e56f4fde0207f4f74cdadd30ea14c90') in 0.0295892 seconds
Number of updated asset objects reloaded before import = 0Number of asset objects unloaded after import = 8

========================================================================
Received Import Request.
  Time since last request: 0.000046 seconds.
  path: Assets/Kevin Iglesias/Human Animations/Textures
  artifactKey: Guid(9062e0d614ae38b458231f34f36af0e8) Importer(2089858483,192608db42251d675da83286b1cce702)
Start importing Assets/Kevin Iglesias/Human Animations/Textures using Guid(9062e0d614ae38b458231f34f36af0e8) Importer(2089858483,192608db42251d675da83286b1cce702) (ScriptedImporter) -> (artifact id: '7da1102e1a4353411fd0abb91d0405de') in 0.0290585 seconds
Number of updated asset objects reloaded before import = 0Number of asset objects unloaded after import = 1

========================================================================
Received Import Request.
  Time since last request: 0.000033 seconds.
  path: Assets/Kevin Iglesias/Human Animations/Animations/Female/Movement/Run/RootMotion/HumanF@Run01_Backward [RM].fbx
  artifactKey: Guid(3b850780f864aa240b77e11e099bfc39) Importer(2089858483,192608db42251d675da83286b1cce702)
Start importing Assets/Kevin Iglesias/Human Animations/Animations/Female/Movement/Run/RootMotion/HumanF@Run01_Backward [RM].fbx using Guid(3b850780f864aa240b77e11e099bfc39) Importer(2089858483,192608db42251d675da83286b1cce702) (ScriptedImporter) -> (artifact id: '76a1e59f5a209a0f909c5e625e3ae909') in 0.0966442 seconds
Number of updated asset objects reloaded before import = 0Number of asset objects unloaded after import = 120

========================================================================
Received Import Request.
  Time since last request: 0.000046 seconds.
  path: Assets/Kevin Iglesias/Human Animations/Animations/Female/Movement/Walk/HumanF@Walk01_ForwardLeft.fbx
  artifactKey: Guid(59b6f459adee1bf4cbe2053a8f8c9f7f) Importer(2089858483,192608db42251d675da83286b1cce702)
Start importing Assets/Kevin Iglesias/Human Animations/Animations/Female/Movement/Walk/HumanF@Walk01_ForwardLeft.fbx using Guid(59b6f459adee1bf4cbe2053a8f8c9f7f) Importer(2089858483,192608db42251d675da83286b1cce702) (ScriptedImporter) -> (artifact id: '28a403a74bb799a4dd2b066827ed8c67') in 0.1430467 seconds
Number of updated asset objects reloaded before import = 0Number of asset objects unloaded after import = 120

========================================================================
Received Import Request.
  Time since last request: 0.000043 seconds.
  path: Assets/Kevin Iglesias/Human Animations/Textures/Human_ColorPalette.png
  artifactKey: Guid(8fd67c37b3001b64aa0e5013110fc5cd) Importer(2089858483,192608db42251d675da83286b1cce702)
Start importing Assets/Kevin Iglesias/Human Animations/Textures/Human_ColorPalette.png using Guid(8fd67c37b3001b64aa0e5013110fc5cd) Importer(2089858483,192608db42251d675da83286b1cce702) (ScriptedImporter) -> (artifact id: '7fcfbfe348195687a20021e9c329e768') in 0.0353701 seconds
Number of updated asset objects reloaded before import = 0Number of asset objects unloaded after import = 1

========================================================================
Received Import Request.
  Time since last request: 0.000056 seconds.
  path: Assets/Kevin Iglesias/Human Animations/Animations/Male/Movement/Run/RootMotion
  artifactKey: Guid(5ca09be614981804ab3e7b144f0ac0fc) Importer(2089858483,192608db42251d675da83286b1cce702)
Start importing Assets/Kevin Iglesias/Human Animations/Animations/Male/Movement/Run/RootMotion using Guid(5ca09be614981804ab3e7b144f0ac0fc) Importer(2089858483,192608db42251d675da83286b1cce702) (ScriptedImporter) -> (artifact id: '488309b7701d455a289544364e9a86fa') in 0.0187671 seconds
Number of updated asset objects reloaded before import = 0Number of asset objects unloaded after import = 1

========================================================================
Received Import Request.
  Time since last request: 0.000029 seconds.
  path: Assets/Kevin Iglesias/Human Animations/Unity Demo Scenes/Basic Motions Scene/Animator Controllers/HumanF-Basic@Walk.overrideController
  artifactKey: Guid(3c3e9e42c8b033c44a887a6cf2251134) Importer(2089858483,192608db42251d675da83286b1cce702)
Start importing Assets/Kevin Iglesias/Human Animations/Unity Demo Scenes/Basic Motions Scene/Animator Controllers/HumanF-Basic@Walk.overrideController using Guid(3c3e9e42c8b033c44a887a6cf2251134) Importer(2089858483,192608db42251d675da83286b1cce702) (ScriptedImporter) -> (artifact id: 'd77ff91ae6842f8af0bb5c06ec949954') in 0.0263414 seconds
Number of updated asset objects reloaded before import = 0Number of asset objects unloaded after import = 6

========================================================================
Received Import Request.
  Time since last request: 0.000037 seconds.
  path: Assets/Kevin Iglesias/Human Animations/Animations/Female/Movement/Sprint/HumanF@Sprint01_ForwardRight.fbx
  artifactKey: Guid(6f22e939fb1d0474eafc01561ad43d37) Importer(2089858483,192608db42251d675da83286b1cce702)
Start importing Assets/Kevin Iglesias/Human Animations/Animations/Female/Movement/Sprint/HumanF@Sprint01_ForwardRight.fbx using Guid(6f22e939fb1d0474eafc01561ad43d37) Importer(2089858483,192608db42251d675da83286b1cce702) (ScriptedImporter) -> (artifact id: '0d147dd512c61b6c754eaaefb11d5669') in 0.0373023 seconds
Number of updated asset objects reloaded before import = 0Number of asset objects unloaded after import = 120

========================================================================
Received Import Request.
  Time since last request: 0.000051 seconds.
  path: Assets/Alstra Infinite/Chests - PolyPack/Texture/PolyPack_Main1.png
  artifactKey: Guid(6119701bb0c09044e9b9207ec9ac57e4) Importer(2089858483,192608db42251d675da83286b1cce702)
Start importing Assets/Alstra Infinite/Chests - PolyPack/Texture/PolyPack_Main1.png using Guid(6119701bb0c09044e9b9207ec9ac57e4) Importer(2089858483,192608db42251d675da83286b1cce702) (ScriptedImporter) -> (artifact id: 'eb48340bf1665551e0aa5152b852b979') in 0.031191 seconds
Number of updated asset objects reloaded before import = 0Number of asset objects unloaded after import = 1

========================================================================
Received Import Request.
  Time since last request: 0.000037 seconds.
  path: Assets/Alstra Infinite/Chests - PolyPack/Prefabs/ChestV3_Loot.prefab
  artifactKey: Guid(4ab6fa3d1fedfca4fa3ae6a2f34048bb) Importer(2089858483,192608db42251d675da83286b1cce702)
Start importing Assets/Alstra Infinite/Chests - PolyPack/Prefabs/ChestV3_Loot.prefab using Guid(4ab6fa3d1fedfca4fa3ae6a2f34048bb) Importer(2089858483,192608db42251d675da83286b1cce702) (ScriptedImporter) -> (artifact id: '2c74353c7df12497671a19720339bcad') in 0.0268336 seconds
Number of updated asset objects reloaded before import = 0Number of asset objects unloaded after import = 8

Editor requested this worker to shutdown with reason: balancing worker count downwards
AssetImportWorker is now disconnected from the server
Process exiting
Exiting without the bug reporter. Application will terminate with return code 0